┏━━━━━━━━━━━━━━━━━━━━━━┳━━━━━━━━━━┳━━━━━━━━━━┳━━━━━━━━━━┳━━━━━━━━━━┳━━━━━━━━━━━┳━━━━━━━━━━┳━━━━━━━━━━━┳━━━━━━━━━━┳━━━━━━━━━━━┳━━━━━━━━━━┳━━━━━━━━━━━┳━━━━━━━━━━┓
┃                      ┃ Hold     ┃ Reg to   ┃          ┃          ┃ of which  ┃ Setup    ┃           ┃          ┃           ┃ of which ┃           ┃          ┃
┃                      ┃ Worst    ┃ Reg      ┃          ┃ Hold Vio ┃ reg to    ┃ Worst    ┃ Reg to    ┃ Setup    ┃ Setup Vio ┃ reg to   ┃ Max Cap   ┃ Max Slew ┃
┃ Corner/Group         ┃ Slack    ┃ Paths    ┃ Hold TNS ┃ Count    ┃ reg       ┃ Slack    ┃ Reg Paths ┃ TNS      ┃ Count     ┃ reg      ┃ Violatio… ┃ Violati… ┃
┡━━━━━━━━━━━━━━━━━━━━━━╇━━━━━━━━━━╇━━━━━━━━━━╇━━━━━━━━━━╇━━━━━━━━━━╇━━━━━━━━━━━╇━━━━━━━━━━╇━━━━━━━━━━━╇━━━━━━━━━━╇━━━━━━━━━━━╇━━━━━━━━━━╇━━━━━━━━━━━╇━━━━━━━━━━┩
│ Overall              │ 0.0440   │ 0.0440   │ 0.0000   │ 0        │ 0         │ -214.29… │ N/A       │ -162885… │ 35928     │ 0        │ 7         │ 26893    │
│ nom_tt_025C_1v80     │ 0.2073   │ 0.2073   │ 0.0000   │ 0        │ 0         │ -206.37… │ N/A       │ -125476… │ 11976     │ 0        │ 7         │ 18322    │
│ nom_ss_100C_1v60     │ 0.6853   │ 0.6853   │ 0.0000   │ 0        │ 0         │ -214.29… │ N/A       │ -162885… │ 11976     │ 0        │ 7         │ 26893    │
│ nom_ff_n40C_1v95     │ 0.0440   │ 0.0440   │ 0.0000   │ 0        │ 0         │ -173.83… │ N/A       │ -934567… │ 11976     │ 0        │ 7         │ 16218    │
└──────────────────────┴──────────┴──────────┴──────────┴──────────┴───────────┴──────────┴───────────┴──────────┴───────────┴──────────┴───────────┴──────────┘
