
===========================================================================
 report_power
============================================================================
======================= nom_ff_n40C_1v95 Corner ===================================

Group                    Internal    Switching      Leakage        Total
                            Power        Power        Power        Power (Watts)
------------------------------------------------------------------------
Sequential           4.847299e-02 1.361306e-02 1.120198e-07 6.208615e-02  21.9%
Combinational        1.317026e-01 8.988860e-02 2.999346e-07 2.215915e-01  78.1%
Clock                0.000000e+00 0.000000e+00 0.000000e+00 0.000000e+00   0.0%
Macro                0.000000e+00 0.000000e+00 0.000000e+00 0.000000e+00   0.0%
Pad                  0.000000e+00 0.000000e+00 0.000000e+00 0.000000e+00   0.0%
------------------------------------------------------------------------
Total                1.801787e-01 1.035038e-01 4.119534e-07 2.836829e-01 100.0%
                            63.5%        36.5%         0.0%

