454. Printing statistics.

=== systolic_array_8x8 ===

   Number of wires:              48529
   Number of wire bits:          48616
   Number of public wires:        5979
   Number of public wire bits:    6066
   Number of ports:                 14
   Number of port bits:            101
   Number of memories:               0
   Number of memory bits:            0
   Number of processes:              0
   Number of cells:              48548
     sky130_fd_sc_hd__a2111o_2      26
     sky130_fd_sc_hd__a2111oi_2     11
     sky130_fd_sc_hd__a211o_2      284
     sky130_fd_sc_hd__a211oi_2     136
     sky130_fd_sc_hd__a21bo_2      218
     sky130_fd_sc_hd__a21boi_2     206
     sky130_fd_sc_hd__a21o_2      1749
     sky130_fd_sc_hd__a21oi_2     2145
     sky130_fd_sc_hd__a221o_2      180
     sky130_fd_sc_hd__a221oi_2      49
     sky130_fd_sc_hd__a22o_2      2299
     sky130_fd_sc_hd__a22oi_2     1301
     sky130_fd_sc_hd__a2bb2o_2     624
     sky130_fd_sc_hd__a2bb2oi_2    135
     sky130_fd_sc_hd__a311o_2       53
     sky130_fd_sc_hd__a311oi_2      85
     sky130_fd_sc_hd__a31o_2      1046
     sky130_fd_sc_hd__a31oi_2      438
     sky130_fd_sc_hd__a32o_2       216
     sky130_fd_sc_hd__a32oi_2      191
     sky130_fd_sc_hd__a41o_2       315
     sky130_fd_sc_hd__a41oi_2       97
     sky130_fd_sc_hd__and2_2       844
     sky130_fd_sc_hd__and2b_2      145
     sky130_fd_sc_hd__and3_2      1451
     sky130_fd_sc_hd__and3b_2       58
     sky130_fd_sc_hd__and4_2      1281
     sky130_fd_sc_hd__and4b_2       48
     sky130_fd_sc_hd__and4bb_2      32
     sky130_fd_sc_hd__conb_1         2
     sky130_fd_sc_hd__dfrtp_2     5980
     sky130_fd_sc_hd__dfxtp_2       16
     sky130_fd_sc_hd__inv_2        964
     sky130_fd_sc_hd__mux2_1      3804
     sky130_fd_sc_hd__nand2_2     4499
     sky130_fd_sc_hd__nand2b_2      78
     sky130_fd_sc_hd__nand3_2     2167
     sky130_fd_sc_hd__nand3b_2     317
     sky130_fd_sc_hd__nand4_2     2040
     sky130_fd_sc_hd__nand4b_2      90
     sky130_fd_sc_hd__nor2_2      1317
     sky130_fd_sc_hd__nor3_2        91
     sky130_fd_sc_hd__nor3b_2       22
     sky130_fd_sc_hd__nor4_2        22
     sky130_fd_sc_hd__nor4b_2        3
     sky130_fd_sc_hd__o2111a_2     168
     sky130_fd_sc_hd__o2111ai_2    467
     sky130_fd_sc_hd__o211a_2      847
     sky130_fd_sc_hd__o211ai_2    1648
     sky130_fd_sc_hd__o21a_2       735
     sky130_fd_sc_hd__o21ai_2     2103
     sky130_fd_sc_hd__o21ba_2       48
     sky130_fd_sc_hd__o21bai_2     330
     sky130_fd_sc_hd__o221a_2       97
     sky130_fd_sc_hd__o221ai_2     341
     sky130_fd_sc_hd__o22a_2       284
     sky130_fd_sc_hd__o22ai_2      513
     sky130_fd_sc_hd__o2bb2a_2     309
     sky130_fd_sc_hd__o2bb2ai_2   1139
     sky130_fd_sc_hd__o311a_2      128
     sky130_fd_sc_hd__o311ai_2      20
     sky130_fd_sc_hd__o31a_2       218
     sky130_fd_sc_hd__o31ai_2      114
     sky130_fd_sc_hd__o32a_2        35
     sky130_fd_sc_hd__o32ai_2       29
     sky130_fd_sc_hd__o41a_2        16
     sky130_fd_sc_hd__o41ai_2       12
     sky130_fd_sc_hd__or2_2        994
     sky130_fd_sc_hd__or3_2        199
     sky130_fd_sc_hd__or3b_2       130
     sky130_fd_sc_hd__or4_2         47
     sky130_fd_sc_hd__or4b_2        20
     sky130_fd_sc_hd__or4bb_2       31
     sky130_fd_sc_hd__xnor2_2      242
     sky130_fd_sc_hd__xor2_2       209

   Chip area for module '\systolic_array_8x8': 576550.457600
     of which used for sequential elements: 157466.022400 (27.31%)

