
===========================================================================
 report_power
============================================================================
======================= nom_ff_n40C_1v95 Corner ===================================

Group                    Internal    Switching      Leakage        Total
                            Power        Power        Power        Power (Watts)
------------------------------------------------------------------------
Sequential           4.750673e-02 2.101209e-02 1.127375e-07 6.851893e-02  23.8%
Combinational        1.152062e-01 1.042347e-01 4.424701e-07 2.194414e-01  76.2%
Clock                0.000000e+00 0.000000e+00 0.000000e+00 0.000000e+00   0.0%
Macro                0.000000e+00 0.000000e+00 0.000000e+00 0.000000e+00   0.0%
Pad                  0.000000e+00 0.000000e+00 0.000000e+00 0.000000e+00   0.0%
------------------------------------------------------------------------
Total                1.627093e-01 1.252478e-01 5.552031e-07 2.879576e-01 100.0%
                            56.5%        43.5%         0.0%

