
===========================================================================
 report_power
============================================================================
======================= nom_ss_100C_1v60 Corner ===================================

Group                    Internal    Switching      Leakage        Total
                            Power        Power        Power        Power (Watts)
------------------------------------------------------------------------
Sequential           3.020116e-02 8.789921e-03 1.168931e-04 3.910797e-02  20.0%
Combinational        9.472203e-02 6.125909e-02 1.694945e-04 1.561506e-01  80.0%
Clock                0.000000e+00 0.000000e+00 0.000000e+00 0.000000e+00   0.0%
Macro                0.000000e+00 0.000000e+00 0.000000e+00 0.000000e+00   0.0%
Pad                  0.000000e+00 0.000000e+00 0.000000e+00 0.000000e+00   0.0%
------------------------------------------------------------------------
Total                1.249261e-01 7.004713e-02 2.863761e-04 1.952596e-01 100.0%
                            64.0%        35.9%         0.1%

