
===========================================================================
 report_power
============================================================================
======================= nom_ff_n40C_1v95 Corner ===================================

Group                    Internal    Switching      Leakage        Total
                            Power        Power        Power        Power (Watts)
------------------------------------------------------------------------
Sequential           4.833588e-02 1.360149e-02 1.120526e-07 6.193749e-02  22.1%
Combinational        1.293771e-01 8.869193e-02 3.010969e-07 2.180694e-01  77.9%
Clock                0.000000e+00 0.000000e+00 0.000000e+00 0.000000e+00   0.0%
Macro                0.000000e+00 0.000000e+00 0.000000e+00 0.000000e+00   0.0%
Pad                  0.000000e+00 0.000000e+00 0.000000e+00 0.000000e+00   0.0%
------------------------------------------------------------------------
Total                1.777096e-01 1.022957e-01 4.131494e-07 2.800057e-01 100.0%
                            63.5%        36.5%         0.0%

