454. Printing statistics.

=== systolic_array_8x8 ===

   Number of wires:              47508
   Number of wire bits:          47595
   Number of public wires:        5979
   Number of public wire bits:    6066
   Number of ports:                 14
   Number of port bits:            101
   Number of memories:               0
   Number of memory bits:            0
   Number of processes:              0
   Number of cells:              47527
     sky130_fd_sc_hd__a2111o_2      16
     sky130_fd_sc_hd__a2111oi_2     28
     sky130_fd_sc_hd__a211o_2      302
     sky130_fd_sc_hd__a211oi_2     149
     sky130_fd_sc_hd__a21bo_2      179
     sky130_fd_sc_hd__a21boi_2     279
     sky130_fd_sc_hd__a21o_2      1710
     sky130_fd_sc_hd__a21oi_2     2249
     sky130_fd_sc_hd__a221o_2      179
     sky130_fd_sc_hd__a221oi_2      63
     sky130_fd_sc_hd__a22o_2      2153
     sky130_fd_sc_hd__a22oi_2     1353
     sky130_fd_sc_hd__a2bb2o_2     652
     sky130_fd_sc_hd__a2bb2oi_2    158
     sky130_fd_sc_hd__a311o_2       69
     sky130_fd_sc_hd__a311oi_2     103
     sky130_fd_sc_hd__a31o_2       967
     sky130_fd_sc_hd__a31oi_2      342
     sky130_fd_sc_hd__a32o_2       231
     sky130_fd_sc_hd__a32oi_2      140
     sky130_fd_sc_hd__a41o_2       159
     sky130_fd_sc_hd__a41oi_2       54
     sky130_fd_sc_hd__and2_2       853
     sky130_fd_sc_hd__and2b_2       92
     sky130_fd_sc_hd__and3_2      1331
     sky130_fd_sc_hd__and3b_2       39
     sky130_fd_sc_hd__and4_2      1162
     sky130_fd_sc_hd__and4b_2       50
     sky130_fd_sc_hd__and4bb_2      31
     sky130_fd_sc_hd__conb_1         2
     sky130_fd_sc_hd__dfrtp_2     5980
     sky130_fd_sc_hd__dfxtp_2       16
     sky130_fd_sc_hd__inv_2        843
     sky130_fd_sc_hd__mux2_1      3845
     sky130_fd_sc_hd__nand2_2     4428
     sky130_fd_sc_hd__nand2b_2     132
     sky130_fd_sc_hd__nand3_2     2167
     sky130_fd_sc_hd__nand3b_2     333
     sky130_fd_sc_hd__nand4_2     1860
     sky130_fd_sc_hd__nand4b_2     102
     sky130_fd_sc_hd__nor2_2      1275
     sky130_fd_sc_hd__nor3_2       115
     sky130_fd_sc_hd__nor3b_2       25
     sky130_fd_sc_hd__nor4_2        33
     sky130_fd_sc_hd__nor4b_2        2
     sky130_fd_sc_hd__o2111a_2     167
     sky130_fd_sc_hd__o2111ai_2    482
     sky130_fd_sc_hd__o211a_2      628
     sky130_fd_sc_hd__o211ai_2    1501
     sky130_fd_sc_hd__o21a_2       896
     sky130_fd_sc_hd__o21ai_2     2060
     sky130_fd_sc_hd__o21ba_2       67
     sky130_fd_sc_hd__o21bai_2     299
     sky130_fd_sc_hd__o221a_2       99
     sky130_fd_sc_hd__o221ai_2     298
     sky130_fd_sc_hd__o22a_2       359
     sky130_fd_sc_hd__o22ai_2      462
     sky130_fd_sc_hd__o2bb2a_2     362
     sky130_fd_sc_hd__o2bb2ai_2   1079
     sky130_fd_sc_hd__o311a_2       81
     sky130_fd_sc_hd__o311ai_2      10
     sky130_fd_sc_hd__o31a_2       263
     sky130_fd_sc_hd__o31ai_2      123
     sky130_fd_sc_hd__o32a_2        48
     sky130_fd_sc_hd__o32ai_2       46
     sky130_fd_sc_hd__o41a_2        20
     sky130_fd_sc_hd__o41ai_2        8
     sky130_fd_sc_hd__or2_2       1016
     sky130_fd_sc_hd__or3_2        137
     sky130_fd_sc_hd__or3b_2       121
     sky130_fd_sc_hd__or4_2         46
     sky130_fd_sc_hd__or4b_2        31
     sky130_fd_sc_hd__or4bb_2       28
     sky130_fd_sc_hd__xnor2_2      306
     sky130_fd_sc_hd__xor2_2       233

   Chip area for module '\systolic_array_8x8': 566736.044800
     of which used for sequential elements: 157466.022400 (27.78%)

