Clock: clk
Sources: clk 
Generated: no
Virtual: no
Propagated: no
Period: 10.000000

===========================================================================
report_clock_properties
============================================================================
Clock                   Period          Waveform
----------------------------------------------------
clk                  10.000000    0.000000  5.000000

===========================================================================
report_clock_latency
============================================================================
Clock clk
rise -> rise
    min     max
0.000000 0.000000 source latency
34.186352         network latency _86596_/CLK
        34.186352 network latency _86596_/CLK
---------------
34.186352 34.186352 latency
        0.000000 skew

fall -> fall
    min     max
0.000000 0.000000 source latency
16.761824         network latency _86596_/CLK
        16.761824 network latency _86596_/CLK
---------------
16.761824 16.761824 latency
        0.000000 skew



===========================================================================
report_clock_min_period
============================================================================
clk period_min = 4.98 fmax = 200.96
