
===========================================================================
 report_power
============================================================================
======================= nom_tt_025C_1v80 Corner ===================================

Group                    Internal    Switching      Leakage        Total
                            Power        Power        Power        Power (Watts)
------------------------------------------------------------------------
Sequential           3.946757e-02 1.768852e-02 6.543419e-08 5.715615e-02  23.3%
Combinational        1.004330e-01 8.809512e-02 1.520031e-07 1.885282e-01  76.7%
Clock                0.000000e+00 0.000000e+00 0.000000e+00 0.000000e+00   0.0%
Macro                0.000000e+00 0.000000e+00 0.000000e+00 0.000000e+00   0.0%
Pad                  0.000000e+00 0.000000e+00 0.000000e+00 0.000000e+00   0.0%
------------------------------------------------------------------------
Total                1.399011e-01 1.057843e-01 2.174382e-07 2.456857e-01 100.0%
                            56.9%        43.1%         0.0%

