
===========================================================================
 report_power
============================================================================
======================= nom_ss_100C_1v60 Corner ===================================

Group                    Internal    Switching      Leakage        Total
                            Power        Power        Power        Power (Watts)
------------------------------------------------------------------------
Sequential           3.018406e-02 8.851385e-03 1.168699e-04 3.915232e-02  20.5%
Combinational        9.223869e-02 5.940147e-02 1.692768e-04 1.518094e-01  79.5%
Clock                0.000000e+00 0.000000e+00 0.000000e+00 0.000000e+00   0.0%
Macro                0.000000e+00 0.000000e+00 0.000000e+00 0.000000e+00   0.0%
Pad                  0.000000e+00 0.000000e+00 0.000000e+00 0.000000e+00   0.0%
------------------------------------------------------------------------
Total                1.224253e-01 6.825156e-02 2.861366e-04 1.909630e-01 100.0%
                            64.1%        35.7%         0.1%

