
===========================================================================
 report_power
============================================================================
======================= nom_tt_025C_1v80 Corner ===================================

Group                    Internal    Switching      Leakage        Total
                            Power        Power        Power        Power (Watts)
------------------------------------------------------------------------
Sequential           4.021280e-02 1.135266e-02 6.517773e-08 5.156551e-02  21.6%
Combinational        1.119662e-01 7.486539e-02 1.244491e-07 1.868317e-01  78.4%
Clock                0.000000e+00 0.000000e+00 0.000000e+00 0.000000e+00   0.0%
Macro                0.000000e+00 0.000000e+00 0.000000e+00 0.000000e+00   0.0%
Pad                  0.000000e+00 0.000000e+00 0.000000e+00 0.000000e+00   0.0%
------------------------------------------------------------------------
Total                1.521793e-01 8.621752e-02 1.896273e-07 2.383970e-01 100.0%
                            63.8%        36.2%         0.0%

