┏━━━━━━━━━━━━━━━━━━━━━━┳━━━━━━━━━━┳━━━━━━━━━━┳━━━━━━━━━━┳━━━━━━━━━━┳━━━━━━━━━━━┳━━━━━━━━━━┳━━━━━━━━━━━┳━━━━━━━━━━┳━━━━━━━━━━━┳━━━━━━━━━━┳━━━━━━━━━━━┳━━━━━━━━━━┓
┃                      ┃ Hold     ┃ Reg to   ┃          ┃          ┃ of which  ┃ Setup    ┃           ┃          ┃           ┃ of which ┃           ┃          ┃
┃                      ┃ Worst    ┃ Reg      ┃          ┃ Hold Vio ┃ reg to    ┃ Worst    ┃ Reg to    ┃ Setup    ┃ Setup Vio ┃ reg to   ┃ Max Cap   ┃ Max Slew ┃
┃ Corner/Group         ┃ Slack    ┃ Paths    ┃ Hold TNS ┃ Count    ┃ reg       ┃ Slack    ┃ Reg Paths ┃ TNS      ┃ Count     ┃ reg      ┃ Violatio… ┃ Violati… ┃
┡━━━━━━━━━━━━━━━━━━━━━━╇━━━━━━━━━━╇━━━━━━━━━━╇━━━━━━━━━━╇━━━━━━━━━━╇━━━━━━━━━━━╇━━━━━━━━━━╇━━━━━━━━━━━╇━━━━━━━━━━╇━━━━━━━━━━━╇━━━━━━━━━━╇━━━━━━━━━━━╇━━━━━━━━━━┩
│ Overall              │ 0.0440   │ 0.0440   │ 0.0000   │ 0        │ 0         │ -152.44… │ N/A       │ -144156… │ 35928     │ 0        │ 6         │ 24319    │
│ nom_tt_025C_1v80     │ 0.2073   │ 0.2073   │ 0.0000   │ 0        │ 0         │ -124.57… │ N/A       │ -967365… │ 11976     │ 0        │ 6         │ 21537    │
│ nom_ss_100C_1v60     │ 0.6853   │ 0.6853   │ 0.0000   │ 0        │ 0         │ -152.44… │ N/A       │ -144156… │ 11976     │ 0        │ 6         │ 24319    │
│ nom_ff_n40C_1v95     │ 0.0440   │ 0.0440   │ 0.0000   │ 0        │ 0         │ -97.0435 │ N/A       │ -683993… │ 11976     │ 0        │ 6         │ 15069    │
└──────────────────────┴──────────┴──────────┴──────────┴──────────┴───────────┴──────────┴───────────┴──────────┴───────────┴──────────┴───────────┴──────────┘
