
===========================================================================
 report_power
============================================================================
======================= nom_ff_n40C_1v95 Corner ===================================

Group                    Internal    Switching      Leakage        Total
                            Power        Power        Power        Power (Watts)
------------------------------------------------------------------------
Sequential           4.748147e-02 2.079424e-02 1.126802e-07 6.827583e-02  23.9%
Combinational        1.145216e-01 1.026944e-01 4.380875e-07 2.172164e-01  76.1%
Clock                0.000000e+00 0.000000e+00 0.000000e+00 0.000000e+00   0.0%
Macro                0.000000e+00 0.000000e+00 0.000000e+00 0.000000e+00   0.0%
Pad                  0.000000e+00 0.000000e+00 0.000000e+00 0.000000e+00   0.0%
------------------------------------------------------------------------
Total                1.619996e-01 1.234898e-01 5.507651e-07 2.854899e-01 100.0%
                            56.7%        43.3%         0.0%

