Clock: clk
Sources: clk 
Generated: no
Virtual: no
Propagated: no
Period: 10.000000

===========================================================================
report_clock_properties
============================================================================
Clock                   Period          Waveform
----------------------------------------------------
clk                  10.000000    0.000000  5.000000

===========================================================================
report_clock_latency
============================================================================
Clock clk
rise -> rise
    min     max
0.000000 0.000000 source latency
52.696247         network latency _83098_/CLK
        52.696247 network latency _83098_/CLK
---------------
52.696247 52.696247 latency
        0.000000 skew

fall -> fall
    min     max
0.000000 0.000000 source latency
29.060808         network latency _83098_/CLK
        29.060808 network latency _83098_/CLK
---------------
29.060808 29.060808 latency
        0.000000 skew



===========================================================================
report_clock_min_period
============================================================================
clk period_min = 11.05 fmax = 90.47
