
===========================================================================
 report_power
============================================================================
======================= nom_ss_100C_1v60 Corner ===================================

Group                    Internal    Switching      Leakage        Total
                            Power        Power        Power        Power (Watts)
------------------------------------------------------------------------
Sequential           3.043537e-02 1.197060e-02 1.167309e-04 4.252270e-02  16.5%
Combinational        1.347986e-01 7.969072e-02 2.296862e-04 2.147190e-01  83.5%
Clock                0.000000e+00 0.000000e+00 0.000000e+00 0.000000e+00   0.0%
Macro                0.000000e+00 0.000000e+00 0.000000e+00 0.000000e+00   0.0%
Pad                  0.000000e+00 0.000000e+00 0.000000e+00 0.000000e+00   0.0%
------------------------------------------------------------------------
Total                1.652367e-01 9.165663e-02 3.464337e-04 2.572398e-01 100.0%
                            64.2%        35.6%         0.1%

