
===========================================================================
 report_power
============================================================================
======================= nom_tt_025C_1v80 Corner ===================================

Group                    Internal    Switching      Leakage        Total
                            Power        Power        Power        Power (Watts)
------------------------------------------------------------------------
Sequential           4.029276e-02 1.127890e-02 6.543100e-08 5.157173e-02  20.9%
Combinational        1.167669e-01 7.821611e-02 1.242076e-07 1.949831e-01  79.1%
Clock                0.000000e+00 0.000000e+00 0.000000e+00 0.000000e+00   0.0%
Macro                0.000000e+00 0.000000e+00 0.000000e+00 0.000000e+00   0.0%
Pad                  0.000000e+00 0.000000e+00 0.000000e+00 0.000000e+00   0.0%
------------------------------------------------------------------------
Total                1.570585e-01 8.949471e-02 1.896389e-07 2.465534e-01 100.0%
                            63.7%        36.3%         0.0%

