┏━━━━━━━━━━━━━━━━━━━━━━┳━━━━━━━━━━┳━━━━━━━━━━┳━━━━━━━━━━┳━━━━━━━━━━┳━━━━━━━━━━━┳━━━━━━━━━━┳━━━━━━━━━━━┳━━━━━━━━━━┳━━━━━━━━━━━┳━━━━━━━━━━┳━━━━━━━━━━━┳━━━━━━━━━━┓
┃                      ┃ Hold     ┃ Reg to   ┃          ┃          ┃ of which  ┃ Setup    ┃           ┃          ┃           ┃ of which ┃           ┃          ┃
┃                      ┃ Worst    ┃ Reg      ┃          ┃ Hold Vio ┃ reg to    ┃ Worst    ┃ Reg to    ┃ Setup    ┃ Setup Vio ┃ reg to   ┃ Max Cap   ┃ Max Slew ┃
┃ Corner/Group         ┃ Slack    ┃ Paths    ┃ Hold TNS ┃ Count    ┃ reg       ┃ Slack    ┃ Reg Paths ┃ TNS      ┃ Count     ┃ reg      ┃ Violatio… ┃ Violati… ┃
┡━━━━━━━━━━━━━━━━━━━━━━╇━━━━━━━━━━╇━━━━━━━━━━╇━━━━━━━━━━╇━━━━━━━━━━╇━━━━━━━━━━━╇━━━━━━━━━━╇━━━━━━━━━━━╇━━━━━━━━━━╇━━━━━━━━━━━╇━━━━━━━━━━╇━━━━━━━━━━━╇━━━━━━━━━━┩
│ Overall              │ 0.0440   │ 0.0440   │ 0.0000   │ 0        │ 0         │ -153.40… │ N/A       │ -144316… │ 35928     │ 0        │ 6         │ 22584    │
│ nom_tt_025C_1v80     │ 0.2073   │ 0.2073   │ 0.0000   │ 0        │ 0         │ -118.79… │ N/A       │ -948362… │ 11976     │ 0        │ 6         │ 21675    │
│ nom_ss_100C_1v60     │ 0.6853   │ 0.6853   │ 0.0000   │ 0        │ 0         │ -153.40… │ N/A       │ -144316… │ 11976     │ 0        │ 6         │ 22584    │
│ nom_ff_n40C_1v95     │ 0.0440   │ 0.0440   │ 0.0000   │ 0        │ 0         │ -92.0218 │ N/A       │ -670686… │ 11976     │ 0        │ 6         │ 14610    │
└──────────────────────┴──────────┴──────────┴──────────┴──────────┴───────────┴──────────┴───────────┴──────────┴───────────┴──────────┴───────────┴──────────┘
