
===========================================================================
 report_power
============================================================================
======================= nom_ff_n40C_1v95 Corner ===================================

Group                    Internal    Switching      Leakage        Total
                            Power        Power        Power        Power (Watts)
------------------------------------------------------------------------
Sequential           4.856382e-02 1.351094e-02 1.126881e-07 6.207487e-02  21.4%
Combinational        1.353756e-01 9.260797e-02 3.005692e-07 2.279838e-01  78.6%
Clock                0.000000e+00 0.000000e+00 0.000000e+00 0.000000e+00   0.0%
Macro                0.000000e+00 0.000000e+00 0.000000e+00 0.000000e+00   0.0%
Pad                  0.000000e+00 0.000000e+00 0.000000e+00 0.000000e+00   0.0%
------------------------------------------------------------------------
Total                1.839370e-01 1.061207e-01 4.132573e-07 2.900581e-01 100.0%
                            63.4%        36.6%         0.0%

