
===========================================================================
 report_power
============================================================================
======================= nom_ss_100C_1v60 Corner ===================================

Group                    Internal    Switching      Leakage        Total
                            Power        Power        Power        Power (Watts)
------------------------------------------------------------------------
Sequential           3.015733e-02 8.846704e-03 1.168496e-04 3.912088e-02  20.7%
Combinational        9.085198e-02 5.862084e-02 1.698330e-04 1.496426e-01  79.3%
Clock                0.000000e+00 0.000000e+00 0.000000e+00 0.000000e+00   0.0%
Macro                0.000000e+00 0.000000e+00 0.000000e+00 0.000000e+00   0.0%
Pad                  0.000000e+00 0.000000e+00 0.000000e+00 0.000000e+00   0.0%
------------------------------------------------------------------------
Total                1.210115e-01 6.746598e-02 2.866725e-04 1.887642e-01 100.0%
                            64.1%        35.7%         0.2%

