454. Printing statistics.

=== systolic_array_8x8 ===

   Number of wires:              37835
   Number of wire bits:          37922
   Number of public wires:        5979
   Number of public wire bits:    6066
   Number of ports:                 14
   Number of port bits:            101
   Number of memories:               0
   Number of memory bits:            0
   Number of processes:              0
   Number of cells:              37854
     sky130_fd_sc_hd__a2111o_2       4
     sky130_fd_sc_hd__a2111oi_2      2
     sky130_fd_sc_hd__a211o_2      252
     sky130_fd_sc_hd__a211oi_2     202
     sky130_fd_sc_hd__a21bo_2      602
     sky130_fd_sc_hd__a21boi_2     132
     sky130_fd_sc_hd__a21o_2      1590
     sky130_fd_sc_hd__a21oi_2     1225
     sky130_fd_sc_hd__a221o_2       28
     sky130_fd_sc_hd__a221oi_2       2
     sky130_fd_sc_hd__a22o_2      1175
     sky130_fd_sc_hd__a22oi_2      483
     sky130_fd_sc_hd__a2bb2o_2     352
     sky130_fd_sc_hd__a2bb2oi_2      2
     sky130_fd_sc_hd__a311o_2       40
     sky130_fd_sc_hd__a311oi_2       3
     sky130_fd_sc_hd__a31o_2       850
     sky130_fd_sc_hd__a31oi_2      147
     sky130_fd_sc_hd__a32o_2        69
     sky130_fd_sc_hd__a41o_2        12
     sky130_fd_sc_hd__a41oi_2       43
     sky130_fd_sc_hd__and2_2      1471
     sky130_fd_sc_hd__and2b_2      749
     sky130_fd_sc_hd__and3_2      1185
     sky130_fd_sc_hd__and3b_2       43
     sky130_fd_sc_hd__and4_2       828
     sky130_fd_sc_hd__and4b_2       10
     sky130_fd_sc_hd__and4bb_2      74
     sky130_fd_sc_hd__conb_1         2
     sky130_fd_sc_hd__dfrtp_2     5980
     sky130_fd_sc_hd__dfxtp_2       16
     sky130_fd_sc_hd__inv_2        406
     sky130_fd_sc_hd__mux2_1      4684
     sky130_fd_sc_hd__nand2_2     3281
     sky130_fd_sc_hd__nand2b_2     425
     sky130_fd_sc_hd__nand3_2      942
     sky130_fd_sc_hd__nand3b_2      15
     sky130_fd_sc_hd__nand4_2      322
     sky130_fd_sc_hd__nand4b_2       3
     sky130_fd_sc_hd__nor2_2      2160
     sky130_fd_sc_hd__nor3_2       214
     sky130_fd_sc_hd__nor3b_2       75
     sky130_fd_sc_hd__nor4_2         7
     sky130_fd_sc_hd__nor4b_2        1
     sky130_fd_sc_hd__o2111a_2      13
     sky130_fd_sc_hd__o2111ai_2      5
     sky130_fd_sc_hd__o211a_2      290
     sky130_fd_sc_hd__o211ai_2     135
     sky130_fd_sc_hd__o21a_2       523
     sky130_fd_sc_hd__o21ai_2      662
     sky130_fd_sc_hd__o21ba_2      180
     sky130_fd_sc_hd__o21bai_2     176
     sky130_fd_sc_hd__o221a_2        7
     sky130_fd_sc_hd__o221ai_2       2
     sky130_fd_sc_hd__o22a_2        69
     sky130_fd_sc_hd__o22ai_2       14
     sky130_fd_sc_hd__o2bb2a_2     167
     sky130_fd_sc_hd__o2bb2ai_2     44
     sky130_fd_sc_hd__o311a_2       34
     sky130_fd_sc_hd__o311ai_2       6
     sky130_fd_sc_hd__o31a_2       149
     sky130_fd_sc_hd__o31ai_2       60
     sky130_fd_sc_hd__o32a_2        34
     sky130_fd_sc_hd__o32ai_2        7
     sky130_fd_sc_hd__o41a_2         2
     sky130_fd_sc_hd__o41ai_2        2
     sky130_fd_sc_hd__or2_2       1501
     sky130_fd_sc_hd__or3_2        476
     sky130_fd_sc_hd__or3b_2        52
     sky130_fd_sc_hd__or4_2         27
     sky130_fd_sc_hd__or4b_2        18
     sky130_fd_sc_hd__or4bb_2       14
     sky130_fd_sc_hd__xnor2_2     2145
     sky130_fd_sc_hd__xor2_2       932

   Chip area for module '\systolic_array_8x8': 463291.833600
     of which used for sequential elements: 157466.022400 (33.99%)

