Clock: clk
Sources: clk 
Generated: no
Virtual: no
Propagated: no
Period: 10.000000

===========================================================================
report_clock_properties
============================================================================
Clock                   Period          Waveform
----------------------------------------------------
clk                  10.000000    0.000000  5.000000

===========================================================================
report_clock_latency
============================================================================
Clock clk
rise -> rise
    min     max
0.000000 0.000000 source latency
27.418776         network latency _85100_/CLK
        27.418776 network latency _85100_/CLK
---------------
27.418776 27.418776 latency
        0.000000 skew

fall -> fall
    min     max
0.000000 0.000000 source latency
11.928645         network latency _85100_/CLK
        11.928645 network latency _85100_/CLK
---------------
11.928645 11.928645 latency
        0.000000 skew



===========================================================================
report_clock_min_period
============================================================================
clk period_min = 3.27 fmax = 305.78
