
===========================================================================
 report_power
============================================================================
======================= nom_ss_100C_1v60 Corner ===================================

Group                    Internal    Switching      Leakage        Total
                            Power        Power        Power        Power (Watts)
------------------------------------------------------------------------
Sequential           2.979784e-02 1.386187e-02 1.168508e-04 4.377656e-02  22.6%
Combinational        8.265534e-02 6.673702e-02 1.905750e-04 1.495829e-01  77.4%
Clock                0.000000e+00 0.000000e+00 0.000000e+00 0.000000e+00   0.0%
Macro                0.000000e+00 0.000000e+00 0.000000e+00 0.000000e+00   0.0%
Pad                  0.000000e+00 0.000000e+00 0.000000e+00 0.000000e+00   0.0%
------------------------------------------------------------------------
Total                1.124525e-01 8.059787e-02 3.074134e-04 1.933577e-01 100.0%
                            58.2%        41.7%         0.2%

