
===========================================================================
 report_power
============================================================================
======================= nom_tt_025C_1v80 Corner ===================================

Group                    Internal    Switching      Leakage        Total
                            Power        Power        Power        Power (Watts)
------------------------------------------------------------------------
Sequential           3.951416e-02 1.769240e-02 6.551960e-08 5.720663e-02  23.3%
Combinational        1.030501e-01 8.488802e-02 1.468894e-07 1.879383e-01  76.7%
Clock                0.000000e+00 0.000000e+00 0.000000e+00 0.000000e+00   0.0%
Macro                0.000000e+00 0.000000e+00 0.000000e+00 0.000000e+00   0.0%
Pad                  0.000000e+00 0.000000e+00 0.000000e+00 0.000000e+00   0.0%
------------------------------------------------------------------------
Total                1.425661e-01 1.025818e-01 2.124100e-07 2.451481e-01 100.0%
                            58.2%        41.8%         0.0%

