
===========================================================================
 report_power
============================================================================
======================= nom_ss_100C_1v60 Corner ===================================

Group                    Internal    Switching      Leakage        Total
                            Power        Power        Power        Power (Watts)
------------------------------------------------------------------------
Sequential           2.997542e-02 8.722311e-03 1.169661e-04 3.881470e-02  19.2%
Combinational        8.002124e-02 8.293860e-02 2.545104e-04 1.632144e-01  80.8%
Clock                0.000000e+00 0.000000e+00 0.000000e+00 0.000000e+00   0.0%
Macro                0.000000e+00 0.000000e+00 0.000000e+00 0.000000e+00   0.0%
Pad                  0.000000e+00 0.000000e+00 0.000000e+00 0.000000e+00   0.0%
------------------------------------------------------------------------
Total                1.099923e-01 9.165742e-02 3.714681e-04 2.020211e-01 100.0%
                            54.4%        45.4%         0.2%

