454. Printing statistics.

=== systolic_array_8x8 ===

   Number of wires:              37933
   Number of wire bits:          38020
   Number of public wires:        5979
   Number of public wire bits:    6066
   Number of ports:                 14
   Number of port bits:            101
   Number of memories:               0
   Number of memory bits:            0
   Number of processes:              0
   Number of cells:              37952
     sky130_fd_sc_hd__a2111o_2       8
     sky130_fd_sc_hd__a2111oi_2      6
     sky130_fd_sc_hd__a211o_2      212
     sky130_fd_sc_hd__a211oi_2     139
     sky130_fd_sc_hd__a21bo_2      513
     sky130_fd_sc_hd__a21boi_2     142
     sky130_fd_sc_hd__a21o_2      1531
     sky130_fd_sc_hd__a21oi_2     1148
     sky130_fd_sc_hd__a221o_2       11
     sky130_fd_sc_hd__a221oi_2       1
     sky130_fd_sc_hd__a22o_2      1220
     sky130_fd_sc_hd__a22oi_2      501
     sky130_fd_sc_hd__a2bb2o_2     281
     sky130_fd_sc_hd__a311o_2       16
     sky130_fd_sc_hd__a311oi_2      11
     sky130_fd_sc_hd__a31o_2       907
     sky130_fd_sc_hd__a31oi_2      137
     sky130_fd_sc_hd__a32o_2        52
     sky130_fd_sc_hd__a32oi_2        8
     sky130_fd_sc_hd__a41o_2         9
     sky130_fd_sc_hd__a41oi_2       27
     sky130_fd_sc_hd__and2_2      1838
     sky130_fd_sc_hd__and2b_2      700
     sky130_fd_sc_hd__and3_2      1038
     sky130_fd_sc_hd__and3b_2       55
     sky130_fd_sc_hd__and4_2       729
     sky130_fd_sc_hd__and4b_2        5
     sky130_fd_sc_hd__and4bb_2      79
     sky130_fd_sc_hd__conb_1         2
     sky130_fd_sc_hd__dfrtp_2     5980
     sky130_fd_sc_hd__dfxtp_2       16
     sky130_fd_sc_hd__inv_2        386
     sky130_fd_sc_hd__mux2_1      4682
     sky130_fd_sc_hd__nand2_2     3175
     sky130_fd_sc_hd__nand2b_2     313
     sky130_fd_sc_hd__nand3_2      868
     sky130_fd_sc_hd__nand3b_2      33
     sky130_fd_sc_hd__nand4_2      385
     sky130_fd_sc_hd__nor2_2      2677
     sky130_fd_sc_hd__nor3_2       325
     sky130_fd_sc_hd__nor3b_2       23
     sky130_fd_sc_hd__nor4_2         6
     sky130_fd_sc_hd__o2111a_2      10
     sky130_fd_sc_hd__o2111ai_2      8
     sky130_fd_sc_hd__o211a_2      222
     sky130_fd_sc_hd__o211ai_2      96
     sky130_fd_sc_hd__o21a_2       602
     sky130_fd_sc_hd__o21ai_2      510
     sky130_fd_sc_hd__o21ba_2      254
     sky130_fd_sc_hd__o21bai_2     142
     sky130_fd_sc_hd__o221a_2        5
     sky130_fd_sc_hd__o22a_2        49
     sky130_fd_sc_hd__o22ai_2       24
     sky130_fd_sc_hd__o2bb2a_2     124
     sky130_fd_sc_hd__o2bb2ai_2     80
     sky130_fd_sc_hd__o311a_2       15
     sky130_fd_sc_hd__o311ai_2       1
     sky130_fd_sc_hd__o31a_2        95
     sky130_fd_sc_hd__o31ai_2       80
     sky130_fd_sc_hd__o32a_2        42
     sky130_fd_sc_hd__o32ai_2        5
     sky130_fd_sc_hd__o41a_2         3
     sky130_fd_sc_hd__o41ai_2        2
     sky130_fd_sc_hd__or2_2       1616
     sky130_fd_sc_hd__or3_2        360
     sky130_fd_sc_hd__or3b_2        77
     sky130_fd_sc_hd__or4_2         32
     sky130_fd_sc_hd__or4b_2        26
     sky130_fd_sc_hd__or4bb_2       10
     sky130_fd_sc_hd__xnor2_2     2314
     sky130_fd_sc_hd__xor2_2       953

   Chip area for module '\systolic_array_8x8': 463443.228800
     of which used for sequential elements: 157466.022400 (33.98%)

