
===========================================================================
 report_power
============================================================================
======================= nom_ss_100C_1v60 Corner ===================================

Group                    Internal    Switching      Leakage        Total
                            Power        Power        Power        Power (Watts)
------------------------------------------------------------------------
Sequential           2.978535e-02 1.373307e-02 1.168408e-04 4.363526e-02  22.7%
Combinational        8.015397e-02 6.825387e-02 1.947826e-04 1.486026e-01  77.3%
Clock                0.000000e+00 0.000000e+00 0.000000e+00 0.000000e+00   0.0%
Macro                0.000000e+00 0.000000e+00 0.000000e+00 0.000000e+00   0.0%
Pad                  0.000000e+00 0.000000e+00 0.000000e+00 0.000000e+00   0.0%
------------------------------------------------------------------------
Total                1.099380e-01 8.198591e-02 3.116107e-04 1.922355e-01 100.0%
                            57.2%        42.6%         0.2%

