Running 'synthesis-AREA 0' at 'runs/RUN_2025-12-14_03-48-34/1-synthesis-area-0'…
Running 'synthesis-AREA 1' at 'runs/RUN_2025-12-14_03-48-34/1-synthesis-area-1'…
Running 'synthesis-AREA 2' at 'runs/RUN_2025-12-14_03-48-34/1-synthesis-area-2'…
Running 'synthesis-AREA 3' at 'runs/RUN_2025-12-14_03-48-34/1-synthesis-area-3'…
Logging subprocess to [repr.filename]'runs/RUN_2025-12-14_03-48-34/1-synthesis-area-1/synthesis-area-1.log'[/repr.filename]…
Logging subprocess to [repr.filename]'runs/RUN_2025-12-14_03-48-34/1-synthesis-area-3/synthesis-area-3.log'[/repr.filename]…
Logging subprocess to [repr.filename]'runs/RUN_2025-12-14_03-48-34/1-synthesis-area-2/synthesis-area-2.log'[/repr.filename]…
Logging subprocess to [repr.filename]'runs/RUN_2025-12-14_03-48-34/1-synthesis-area-0/synthesis-area-0.log'[/repr.filename]…
Subprocess had a non-zero exit.
Last 10 line(s):

3. Executing Verilog-2005 frontend: /home/safan/Accelarray/src/SystolicArray/SystolicArray.v
Parsing SystemVerilog input from `/home/safan/Accelarray/src/SystolicArray/SystolicArray.v' to AST representation.
Storing AST representation for module `$abstract\systolic_array_8x8'.
Successfully finished Verilog frontend.

4. Executing HIERARCHY pass (managing design hierarchy).

5. Executing AST frontend in derive mode using pre-parsed AST for module `\systolic_array_8x8'.
/home/safan/Accelarray/src/SystolicArray/SystolicArray.v:51: ERROR: Identifier `\skewed_inputs' is implicitly declared and `default_nettype is set to none.

Full log file: 'runs/RUN_2025-12-14_03-48-34/1-synthesis-area-1/synthesis-area-1.log'
Subprocess had a non-zero exit.
Subprocess had a non-zero exit.
Last 10 line(s):

3. Executing Verilog-2005 frontend: /home/safan/Accelarray/src/SystolicArray/SystolicArray.v
Parsing SystemVerilog input from `/home/safan/Accelarray/src/SystolicArray/SystolicArray.v' to AST representation.
Storing AST representation for module `$abstract\systolic_array_8x8'.
Successfully finished Verilog frontend.

4. Executing HIERARCHY pass (managing design hierarchy).

5. Executing AST frontend in derive mode using pre-parsed AST for module `\systolic_array_8x8'.
/home/safan/Accelarray/src/SystolicArray/SystolicArray.v:51: ERROR: Identifier `\skewed_inputs' is implicitly declared and `default_nettype is set to none.

Running 'synthesis-DELAY 0' at 'runs/RUN_2025-12-14_03-48-34/1-synthesis-delay-0'…
Subprocess had a non-zero exit.
Last 10 line(s):

3. Executing Verilog-2005 frontend: /home/safan/Accelarray/src/SystolicArray/SystolicArray.v
Parsing SystemVerilog input from `/home/safan/Accelarray/src/SystolicArray/SystolicArray.v' to AST representation.
Storing AST representation for module `$abstract\systolic_array_8x8'.
Successfully finished Verilog frontend.

4. Executing HIERARCHY pass (managing design hierarchy).

5. Executing AST frontend in derive mode using pre-parsed AST for module `\systolic_array_8x8'.
/home/safan/Accelarray/src/SystolicArray/SystolicArray.v:51: ERROR: Identifier `\skewed_inputs' is implicitly declared and `default_nettype is set to none.

Full log file: 'runs/RUN_2025-12-14_03-48-34/1-synthesis-area-2/synthesis-area-2.log'
Last 10 line(s):

3. Executing Verilog-2005 frontend: /home/safan/Accelarray/src/SystolicArray/SystolicArray.v
Parsing SystemVerilog input from `/home/safan/Accelarray/src/SystolicArray/SystolicArray.v' to AST representation.
Storing AST representation for module `$abstract\systolic_array_8x8'.
Successfully finished Verilog frontend.

4. Executing HIERARCHY pass (managing design hierarchy).

5. Executing AST frontend in derive mode using pre-parsed AST for module `\systolic_array_8x8'.
/home/safan/Accelarray/src/SystolicArray/SystolicArray.v:51: ERROR: Identifier `\skewed_inputs' is implicitly declared and `default_nettype is set to none.

Full log file: 'runs/RUN_2025-12-14_03-48-34/1-synthesis-area-3/synthesis-area-3.log'
Running 'synthesis-DELAY 1' at 'runs/RUN_2025-12-14_03-48-34/1-synthesis-delay-1'…
Full log file: 'runs/RUN_2025-12-14_03-48-34/1-synthesis-area-0/synthesis-area-0.log'
Running 'synthesis-DELAY 2' at 'runs/RUN_2025-12-14_03-48-34/1-synthesis-delay-2'…
Running 'synthesis-DELAY 3' at 'runs/RUN_2025-12-14_03-48-34/1-synthesis-delay-3'…
Logging subprocess to [repr.filename]'runs/RUN_2025-12-14_03-48-34/1-synthesis-delay-1/synthesis-delay-1.log'[/repr.filename]…
Logging subprocess to [repr.filename]'runs/RUN_2025-12-14_03-48-34/1-synthesis-delay-3/synthesis-delay-3.log'[/repr.filename]…
Logging subprocess to [repr.filename]'runs/RUN_2025-12-14_03-48-34/1-synthesis-delay-2/synthesis-delay-2.log'[/repr.filename]…
Logging subprocess to [repr.filename]'runs/RUN_2025-12-14_03-48-34/1-synthesis-delay-0/synthesis-delay-0.log'[/repr.filename]…
Subprocess had a non-zero exit.
Subprocess had a non-zero exit.
Last 10 line(s):

3. Executing Verilog-2005 frontend: /home/safan/Accelarray/src/SystolicArray/SystolicArray.v
Parsing SystemVerilog input from `/home/safan/Accelarray/src/SystolicArray/SystolicArray.v' to AST representation.
Storing AST representation for module `$abstract\systolic_array_8x8'.
Successfully finished Verilog frontend.

4. Executing HIERARCHY pass (managing design hierarchy).

5. Executing AST frontend in derive mode using pre-parsed AST for module `\systolic_array_8x8'.
/home/safan/Accelarray/src/SystolicArray/SystolicArray.v:51: ERROR: Identifier `\skewed_inputs' is implicitly declared and `default_nettype is set to none.

Subprocess had a non-zero exit.
Last 10 line(s):

3. Executing Verilog-2005 frontend: /home/safan/Accelarray/src/SystolicArray/SystolicArray.v
Parsing SystemVerilog input from `/home/safan/Accelarray/src/SystolicArray/SystolicArray.v' to AST representation.
Storing AST representation for module `$abstract\systolic_array_8x8'.
Successfully finished Verilog frontend.

4. Executing HIERARCHY pass (managing design hierarchy).

5. Executing AST frontend in derive mode using pre-parsed AST for module `\systolic_array_8x8'.
/home/safan/Accelarray/src/SystolicArray/SystolicArray.v:51: ERROR: Identifier `\skewed_inputs' is implicitly declared and `default_nettype is set to none.

Subprocess had a non-zero exit.
Full log file: 'runs/RUN_2025-12-14_03-48-34/1-synthesis-delay-1/synthesis-delay-1.log'
Last 10 line(s):

3. Executing Verilog-2005 frontend: /home/safan/Accelarray/src/SystolicArray/SystolicArray.v
Parsing SystemVerilog input from `/home/safan/Accelarray/src/SystolicArray/SystolicArray.v' to AST representation.
Storing AST representation for module `$abstract\systolic_array_8x8'.
Successfully finished Verilog frontend.

4. Executing HIERARCHY pass (managing design hierarchy).

5. Executing AST frontend in derive mode using pre-parsed AST for module `\systolic_array_8x8'.
/home/safan/Accelarray/src/SystolicArray/SystolicArray.v:51: ERROR: Identifier `\skewed_inputs' is implicitly declared and `default_nettype is set to none.

Full log file: 'runs/RUN_2025-12-14_03-48-34/1-synthesis-delay-3/synthesis-delay-3.log'
Last 10 line(s):

3. Executing Verilog-2005 frontend: /home/safan/Accelarray/src/SystolicArray/SystolicArray.v
Parsing SystemVerilog input from `/home/safan/Accelarray/src/SystolicArray/SystolicArray.v' to AST representation.
Storing AST representation for module `$abstract\systolic_array_8x8'.
Successfully finished Verilog frontend.

4. Executing HIERARCHY pass (managing design hierarchy).

5. Executing AST frontend in derive mode using pre-parsed AST for module `\systolic_array_8x8'.
/home/safan/Accelarray/src/SystolicArray/SystolicArray.v:51: ERROR: Identifier `\skewed_inputs' is implicitly declared and `default_nettype is set to none.

Running 'synthesis-DELAY 4' at 'runs/RUN_2025-12-14_03-48-34/1-synthesis-delay-4'…
Full log file: 'runs/RUN_2025-12-14_03-48-34/1-synthesis-delay-2/synthesis-delay-2.log'
Full log file: 'runs/RUN_2025-12-14_03-48-34/1-synthesis-delay-0/synthesis-delay-0.log'
Logging subprocess to [repr.filename]'runs/RUN_2025-12-14_03-48-34/1-synthesis-delay-4/synthesis-delay-4.log'[/repr.filename]…
Subprocess had a non-zero exit.
Last 10 line(s):

3. Executing Verilog-2005 frontend: /home/safan/Accelarray/src/SystolicArray/SystolicArray.v
Parsing SystemVerilog input from `/home/safan/Accelarray/src/SystolicArray/SystolicArray.v' to AST representation.
Storing AST representation for module `$abstract\systolic_array_8x8'.
Successfully finished Verilog frontend.

4. Executing HIERARCHY pass (managing design hierarchy).

5. Executing AST frontend in derive mode using pre-parsed AST for module `\systolic_array_8x8'.
/home/safan/Accelarray/src/SystolicArray/SystolicArray.v:51: ERROR: Identifier `\skewed_inputs' is implicitly declared and `default_nettype is set to none.

Full log file: 'runs/RUN_2025-12-14_03-48-34/1-synthesis-delay-4/synthesis-delay-4.log'
