┏━━━━━━━━━━━━━━━━━━━━━━┳━━━━━━━━━━┳━━━━━━━━━━┳━━━━━━━━━━┳━━━━━━━━━━┳━━━━━━━━━━━┳━━━━━━━━━━┳━━━━━━━━━━━┳━━━━━━━━━━┳━━━━━━━━━━━┳━━━━━━━━━━┳━━━━━━━━━━━┳━━━━━━━━━━┓
┃                      ┃ Hold     ┃ Reg to   ┃          ┃          ┃ of which  ┃ Setup    ┃           ┃          ┃           ┃ of which ┃           ┃          ┃
┃                      ┃ Worst    ┃ Reg      ┃          ┃ Hold Vio ┃ reg to    ┃ Worst    ┃ Reg to    ┃ Setup    ┃ Setup Vio ┃ reg to   ┃ Max Cap   ┃ Max Slew ┃
┃ Corner/Group         ┃ Slack    ┃ Paths    ┃ Hold TNS ┃ Count    ┃ reg       ┃ Slack    ┃ Reg Paths ┃ TNS      ┃ Count     ┃ reg      ┃ Violatio… ┃ Violati… ┃
┡━━━━━━━━━━━━━━━━━━━━━━╇━━━━━━━━━━╇━━━━━━━━━━╇━━━━━━━━━━╇━━━━━━━━━━╇━━━━━━━━━━━╇━━━━━━━━━━╇━━━━━━━━━━━╇━━━━━━━━━━╇━━━━━━━━━━━╇━━━━━━━━━━╇━━━━━━━━━━━╇━━━━━━━━━━┩
│ Overall              │ 0.0432   │ 0.0432   │ 0.0000   │ 0        │ 0         │ -150.28… │ N/A       │ -119532… │ 35928     │ 0        │ 16        │ 15716    │
│ nom_tt_025C_1v80     │ 0.2064   │ 0.2064   │ 0.0000   │ 0        │ 0         │ -90.6517 │ N/A       │ -689102… │ 11976     │ 0        │ 2         │ 13570    │
│ nom_ss_100C_1v60     │ 0.6893   │ 0.6893   │ 0.0000   │ 0        │ 0         │ -150.28… │ N/A       │ -119532… │ 11976     │ 0        │ 16        │ 15716    │
│ nom_ff_n40C_1v95     │ 0.0432   │ 0.0432   │ 0.0000   │ 0        │ 0         │ -63.4340 │ N/A       │ -461371… │ 11976     │ 0        │ 2         │ 9880     │
└──────────────────────┴──────────┴──────────┴──────────┴──────────┴───────────┴──────────┴───────────┴──────────┴───────────┴──────────┴───────────┴──────────┘
