┏━━━━━━━━━━━━━━━━━━━━━━┳━━━━━━━━━━┳━━━━━━━━━━┳━━━━━━━━━━┳━━━━━━━━━━┳━━━━━━━━━━━┳━━━━━━━━━━┳━━━━━━━━━━━┳━━━━━━━━━━┳━━━━━━━━━━━┳━━━━━━━━━━┳━━━━━━━━━━━┳━━━━━━━━━━┓
┃                      ┃ Hold     ┃ Reg to   ┃          ┃          ┃ of which  ┃ Setup    ┃           ┃          ┃           ┃ of which ┃           ┃          ┃
┃                      ┃ Worst    ┃ Reg      ┃          ┃ Hold Vio ┃ reg to    ┃ Worst    ┃ Reg to    ┃ Setup    ┃ Setup Vio ┃ reg to   ┃ Max Cap   ┃ Max Slew ┃
┃ Corner/Group         ┃ Slack    ┃ Paths    ┃ Hold TNS ┃ Count    ┃ reg       ┃ Slack    ┃ Reg Paths ┃ TNS      ┃ Count     ┃ reg      ┃ Violatio… ┃ Violati… ┃
┡━━━━━━━━━━━━━━━━━━━━━━╇━━━━━━━━━━╇━━━━━━━━━━╇━━━━━━━━━━╇━━━━━━━━━━╇━━━━━━━━━━━╇━━━━━━━━━━╇━━━━━━━━━━━╇━━━━━━━━━━╇━━━━━━━━━━━╇━━━━━━━━━━╇━━━━━━━━━━━╇━━━━━━━━━━┩
│ Overall              │ 0.0440   │ 0.0440   │ 0.0000   │ 0        │ 0         │ -219.67… │ N/A       │ -164905… │ 35928     │ 0        │ 7         │ 24568    │
│ nom_tt_025C_1v80     │ 0.2073   │ 0.2073   │ 0.0000   │ 0        │ 0         │ -205.92… │ N/A       │ -125219… │ 11976     │ 0        │ 7         │ 18698    │
│ nom_ss_100C_1v60     │ 0.6853   │ 0.6853   │ 0.0000   │ 0        │ 0         │ -219.67… │ N/A       │ -164905… │ 11976     │ 0        │ 7         │ 24568    │
│ nom_ff_n40C_1v95     │ 0.0440   │ 0.0440   │ 0.0000   │ 0        │ 0         │ -173.90… │ N/A       │ -936260… │ 11976     │ 0        │ 7         │ 16983    │
└──────────────────────┴──────────┴──────────┴──────────┴──────────┴───────────┴──────────┴───────────┴──────────┴───────────┴──────────┴───────────┴──────────┘
