
16. Executing PROC_DLATCH pass (convert process syncs to latches).
No latch inferred for signal `\systolic_array_8x8.\skewed_inputs[0]' from process `\systolic_array_8x8.$proc$/home/safan/Accelarray/src/SystolicArray/SystolicArray.v:0$296'.
No latch inferred for signal `\systolic_array_8x8.\skewed_inputs[1]' from process `\systolic_array_8x8.$proc$/home/safan/Accelarray/src/SystolicArray/SystolicArray.v:0$296'.
No latch inferred for signal `\systolic_array_8x8.\skewed_inputs[2]' from process `\systolic_array_8x8.$proc$/home/safan/Accelarray/src/SystolicArray/SystolicArray.v:0$296'.
No latch inferred for signal `\systolic_array_8x8.\skewed_inputs[3]' from process `\systolic_array_8x8.$proc$/home/safan/Accelarray/src/SystolicArray/SystolicArray.v:0$296'.
No latch inferred for signal `\systolic_array_8x8.\skewed_inputs[4]' from process `\systolic_array_8x8.$proc$/home/safan/Accelarray/src/SystolicArray/SystolicArray.v:0$296'.
No latch inferred for signal `\systolic_array_8x8.\skewed_inputs[5]' from process `\systolic_array_8x8.$proc$/home/safan/Accelarray/src/SystolicArray/SystolicArray.v:0$296'.
No latch inferred for signal `\systolic_array_8x8.\skewed_inputs[6]' from process `\systolic_array_8x8.$proc$/home/safan/Accelarray/src/SystolicArray/SystolicArray.v:0$296'.
No latch inferred for signal `\systolic_array_8x8.\skewed_inputs[7]' from process `\systolic_array_8x8.$proc$/home/safan/Accelarray/src/SystolicArray/SystolicArray.v:0$296'.
No latch inferred for signal `\systolic_array_8x8.\pixel_wire[0]' from process `\systolic_array_8x8.$proc$/home/safan/Accelarray/src/SystolicArray/SystolicArray.v:0$296'.
No latch inferred for signal `\systolic_array_8x8.\pixel_wire[1]' from process `\systolic_array_8x8.$proc$/home/safan/Accelarray/src/SystolicArray/SystolicArray.v:0$296'.
No latch inferred for signal `\systolic_array_8x8.\pixel_wire[2]' from process `\systolic_array_8x8.$proc$/home/safan/Accelarray/src/SystolicArray/SystolicArray.v:0$296'.
No latch inferred for signal `\systolic_array_8x8.\pixel_wire[3]' from process `\systolic_array_8x8.$proc$/home/safan/Accelarray/src/SystolicArray/SystolicArray.v:0$296'.
No latch inferred for signal `\systolic_array_8x8.\pixel_wire[4]' from process `\systolic_array_8x8.$proc$/home/safan/Accelarray/src/SystolicArray/SystolicArray.v:0$296'.
No latch inferred for signal `\systolic_array_8x8.\pixel_wire[5]' from process `\systolic_array_8x8.$proc$/home/safan/Accelarray/src/SystolicArray/SystolicArray.v:0$296'.
No latch inferred for signal `\systolic_array_8x8.\pixel_wire[6]' from process `\systolic_array_8x8.$proc$/home/safan/Accelarray/src/SystolicArray/SystolicArray.v:0$296'.
No latch inferred for signal `\systolic_array_8x8.\pixel_wire[7]' from process `\systolic_array_8x8.$proc$/home/safan/Accelarray/src/SystolicArray/SystolicArray.v:0$296'.
No latch inferred for signal `\systolic_array_8x8.\pixel_wire[8]' from process `\systolic_array_8x8.$proc$/home/safan/Accelarray/src/SystolicArray/SystolicArray.v:0$296'.
No latch inferred for signal `\systolic_array_8x8.\pixel_wire[9]' from process `\systolic_array_8x8.$proc$/home/safan/Accelarray/src/SystolicArray/SystolicArray.v:0$296'.
No latch inferred for signal `\systolic_array_8x8.\pixel_wire[10]' from process `\systolic_array_8x8.$proc$/home/safan/Accelarray/src/SystolicArray/SystolicArray.v:0$296'.
No latch inferred for signal `\systolic_array_8x8.\pixel_wire[11]' from process `\systolic_array_8x8.$proc$/home/safan/Accelarray/src/SystolicArray/SystolicArray.v:0$296'.
No latch inferred for signal `\systolic_array_8x8.\pixel_wire[12]' from process `\systolic_array_8x8.$proc$/home/safan/Accelarray/src/SystolicArray/SystolicArray.v:0$296'.
No latch inferred for signal `\systolic_array_8x8.\pixel_wire[13]' from process `\systolic_array_8x8.$proc$/home/safan/Accelarray/src/SystolicArray/SystolicArray.v:0$296'.
No latch inferred for signal `\systolic_array_8x8.\pixel_wire[14]' from process `\systolic_array_8x8.$proc$/home/safan/Accelarray/src/SystolicArray/SystolicArray.v:0$296'.
No latch inferred for signal `\systolic_array_8x8.\pixel_wire[15]' from process `\systolic_array_8x8.$proc$/home/safan/Accelarray/src/SystolicArray/SystolicArray.v:0$296'.
No latch inferred for signal `\systolic_array_8x8.\pixel_wire[16]' from process `\systolic_array_8x8.$proc$/home/safan/Accelarray/src/SystolicArray/SystolicArray.v:0$296'.
No latch inferred for signal `\systolic_array_8x8.\pixel_wire[17]' from process `\systolic_array_8x8.$proc$/home/safan/Accelarray/src/SystolicArray/SystolicArray.v:0$296'.
No latch inferred for signal `\systolic_array_8x8.\pixel_wire[18]' from process `\systolic_array_8x8.$proc$/home/safan/Accelarray/src/SystolicArray/SystolicArray.v:0$296'.
No latch inferred for signal `\systolic_array_8x8.\pixel_wire[19]' from process `\systolic_array_8x8.$proc$/home/safan/Accelarray/src/SystolicArray/SystolicArray.v:0$296'.
No latch inferred for signal `\systolic_array_8x8.\pixel_wire[20]' from process `\systolic_array_8x8.$proc$/home/safan/Accelarray/src/SystolicArray/SystolicArray.v:0$296'.
No latch inferred for signal `\systolic_array_8x8.\pixel_wire[21]' from process `\systolic_array_8x8.$proc$/home/safan/Accelarray/src/SystolicArray/SystolicArray.v:0$296'.
No latch inferred for signal `\systolic_array_8x8.\pixel_wire[22]' from process `\systolic_array_8x8.$proc$/home/safan/Accelarray/src/SystolicArray/SystolicArray.v:0$296'.
No latch inferred for signal `\systolic_array_8x8.\pixel_wire[23]' from process `\systolic_array_8x8.$proc$/home/safan/Accelarray/src/SystolicArray/SystolicArray.v:0$296'.
No latch inferred for signal `\systolic_array_8x8.\pixel_wire[24]' from process `\systolic_array_8x8.$proc$/home/safan/Accelarray/src/SystolicArray/SystolicArray.v:0$296'.
No latch inferred for signal `\systolic_array_8x8.\pixel_wire[25]' from process `\systolic_array_8x8.$proc$/home/safan/Accelarray/src/SystolicArray/SystolicArray.v:0$296'.
No latch inferred for signal `\systolic_array_8x8.\pixel_wire[26]' from process `\systolic_array_8x8.$proc$/home/safan/Accelarray/src/SystolicArray/SystolicArray.v:0$296'.
No latch inferred for signal `\systolic_array_8x8.\pixel_wire[27]' from process `\systolic_array_8x8.$proc$/home/safan/Accelarray/src/SystolicArray/SystolicArray.v:0$296'.
No latch inferred for signal `\systolic_array_8x8.\pixel_wire[28]' from process `\systolic_array_8x8.$proc$/home/safan/Accelarray/src/SystolicArray/SystolicArray.v:0$296'.
No latch inferred for signal `\systolic_array_8x8.\pixel_wire[29]' from process `\systolic_array_8x8.$proc$/home/safan/Accelarray/src/SystolicArray/SystolicArray.v:0$296'.
No latch inferred for signal `\systolic_array_8x8.\pixel_wire[30]' from process `\systolic_array_8x8.$proc$/home/safan/Accelarray/src/SystolicArray/SystolicArray.v:0$296'.
No latch inferred for signal `\systolic_array_8x8.\pixel_wire[31]' from process `\systolic_array_8x8.$proc$/home/safan/Accelarray/src/SystolicArray/SystolicArray.v:0$296'.
No latch inferred for signal `\systolic_array_8x8.\pixel_wire[32]' from process `\systolic_array_8x8.$proc$/home/safan/Accelarray/src/SystolicArray/SystolicArray.v:0$296'.
No latch inferred for signal `\systolic_array_8x8.\pixel_wire[33]' from process `\systolic_array_8x8.$proc$/home/safan/Accelarray/src/SystolicArray/SystolicArray.v:0$296'.
No latch inferred for signal `\systolic_array_8x8.\pixel_wire[34]' from process `\systolic_array_8x8.$proc$/home/safan/Accelarray/src/SystolicArray/SystolicArray.v:0$296'.
No latch inferred for signal `\systolic_array_8x8.\pixel_wire[35]' from process `\systolic_array_8x8.$proc$/home/safan/Accelarray/src/SystolicArray/SystolicArray.v:0$296'.
No latch inferred for signal `\systolic_array_8x8.\pixel_wire[36]' from process `\systolic_array_8x8.$proc$/home/safan/Accelarray/src/SystolicArray/SystolicArray.v:0$296'.
No latch inferred for signal `\systolic_array_8x8.\pixel_wire[37]' from process `\systolic_array_8x8.$proc$/home/safan/Accelarray/src/SystolicArray/SystolicArray.v:0$296'.
No latch inferred for signal `\systolic_array_8x8.\pixel_wire[38]' from process `\systolic_array_8x8.$proc$/home/safan/Accelarray/src/SystolicArray/SystolicArray.v:0$296'.
No latch inferred for signal `\systolic_array_8x8.\pixel_wire[39]' from process `\systolic_array_8x8.$proc$/home/safan/Accelarray/src/SystolicArray/SystolicArray.v:0$296'.
No latch inferred for signal `\systolic_array_8x8.\pixel_wire[40]' from process `\systolic_array_8x8.$proc$/home/safan/Accelarray/src/SystolicArray/SystolicArray.v:0$296'.
No latch inferred for signal `\systolic_array_8x8.\pixel_wire[41]' from process `\systolic_array_8x8.$proc$/home/safan/Accelarray/src/SystolicArray/SystolicArray.v:0$296'.
No latch inferred for signal `\systolic_array_8x8.\pixel_wire[42]' from process `\systolic_array_8x8.$proc$/home/safan/Accelarray/src/SystolicArray/SystolicArray.v:0$296'.
No latch inferred for signal `\systolic_array_8x8.\pixel_wire[43]' from process `\systolic_array_8x8.$proc$/home/safan/Accelarray/src/SystolicArray/SystolicArray.v:0$296'.
No latch inferred for signal `\systolic_array_8x8.\pixel_wire[44]' from process `\systolic_array_8x8.$proc$/home/safan/Accelarray/src/SystolicArray/SystolicArray.v:0$296'.
No latch inferred for signal `\systolic_array_8x8.\pixel_wire[45]' from process `\systolic_array_8x8.$proc$/home/safan/Accelarray/src/SystolicArray/SystolicArray.v:0$296'.
No latch inferred for signal `\systolic_array_8x8.\pixel_wire[46]' from process `\systolic_array_8x8.$proc$/home/safan/Accelarray/src/SystolicArray/SystolicArray.v:0$296'.
No latch inferred for signal `\systolic_array_8x8.\pixel_wire[47]' from process `\systolic_array_8x8.$proc$/home/safan/Accelarray/src/SystolicArray/SystolicArray.v:0$296'.
No latch inferred for signal `\systolic_array_8x8.\pixel_wire[48]' from process `\systolic_array_8x8.$proc$/home/safan/Accelarray/src/SystolicArray/SystolicArray.v:0$296'.
No latch inferred for signal `\systolic_array_8x8.\pixel_wire[49]' from process `\systolic_array_8x8.$proc$/home/safan/Accelarray/src/SystolicArray/SystolicArray.v:0$296'.
No latch inferred for signal `\systolic_array_8x8.\pixel_wire[50]' from process `\systolic_array_8x8.$proc$/home/safan/Accelarray/src/SystolicArray/SystolicArray.v:0$296'.
No latch inferred for signal `\systolic_array_8x8.\pixel_wire[51]' from process `\systolic_array_8x8.$proc$/home/safan/Accelarray/src/SystolicArray/SystolicArray.v:0$296'.
No latch inferred for signal `\systolic_array_8x8.\pixel_wire[52]' from process `\systolic_array_8x8.$proc$/home/safan/Accelarray/src/SystolicArray/SystolicArray.v:0$296'.
No latch inferred for signal `\systolic_array_8x8.\pixel_wire[53]' from process `\systolic_array_8x8.$proc$/home/safan/Accelarray/src/SystolicArray/SystolicArray.v:0$296'.
No latch inferred for signal `\systolic_array_8x8.\pixel_wire[54]' from process `\systolic_array_8x8.$proc$/home/safan/Accelarray/src/SystolicArray/SystolicArray.v:0$296'.
No latch inferred for signal `\systolic_array_8x8.\pixel_wire[55]' from process `\systolic_array_8x8.$proc$/home/safan/Accelarray/src/SystolicArray/SystolicArray.v:0$296'.
No latch inferred for signal `\systolic_array_8x8.\pixel_wire[56]' from process `\systolic_array_8x8.$proc$/home/safan/Accelarray/src/SystolicArray/SystolicArray.v:0$296'.
No latch inferred for signal `\systolic_array_8x8.\pixel_wire[57]' from process `\systolic_array_8x8.$proc$/home/safan/Accelarray/src/SystolicArray/SystolicArray.v:0$296'.
No latch inferred for signal `\systolic_array_8x8.\pixel_wire[58]' from process `\systolic_array_8x8.$proc$/home/safan/Accelarray/src/SystolicArray/SystolicArray.v:0$296'.
No latch inferred for signal `\systolic_array_8x8.\pixel_wire[59]' from process `\systolic_array_8x8.$proc$/home/safan/Accelarray/src/SystolicArray/SystolicArray.v:0$296'.
No latch inferred for signal `\systolic_array_8x8.\pixel_wire[60]' from process `\systolic_array_8x8.$proc$/home/safan/Accelarray/src/SystolicArray/SystolicArray.v:0$296'.
No latch inferred for signal `\systolic_array_8x8.\pixel_wire[61]' from process `\systolic_array_8x8.$proc$/home/safan/Accelarray/src/SystolicArray/SystolicArray.v:0$296'.
No latch inferred for signal `\systolic_array_8x8.\pixel_wire[62]' from process `\systolic_array_8x8.$proc$/home/safan/Accelarray/src/SystolicArray/SystolicArray.v:0$296'.
No latch inferred for signal `\systolic_array_8x8.\pixel_wire[63]' from process `\systolic_array_8x8.$proc$/home/safan/Accelarray/src/SystolicArray/SystolicArray.v:0$296'.
No latch inferred for signal `\systolic_array_8x8.\pixel_wire[64]' from process `\systolic_array_8x8.$proc$/home/safan/Accelarray/src/SystolicArray/SystolicArray.v:0$296'.
No latch inferred for signal `\systolic_array_8x8.\pixel_wire[65]' from process `\systolic_array_8x8.$proc$/home/safan/Accelarray/src/SystolicArray/SystolicArray.v:0$296'.
No latch inferred for signal `\systolic_array_8x8.\pixel_wire[66]' from process `\systolic_array_8x8.$proc$/home/safan/Accelarray/src/SystolicArray/SystolicArray.v:0$296'.
No latch inferred for signal `\systolic_array_8x8.\pixel_wire[67]' from process `\systolic_array_8x8.$proc$/home/safan/Accelarray/src/SystolicArray/SystolicArray.v:0$296'.
No latch inferred for signal `\systolic_array_8x8.\pixel_wire[68]' from process `\systolic_array_8x8.$proc$/home/safan/Accelarray/src/SystolicArray/SystolicArray.v:0$296'.
No latch inferred for signal `\systolic_array_8x8.\pixel_wire[69]' from process `\systolic_array_8x8.$proc$/home/safan/Accelarray/src/SystolicArray/SystolicArray.v:0$296'.
No latch inferred for signal `\systolic_array_8x8.\pixel_wire[70]' from process `\systolic_array_8x8.$proc$/home/safan/Accelarray/src/SystolicArray/SystolicArray.v:0$296'.
No latch inferred for signal `\systolic_array_8x8.\pixel_wire[71]' from process `\systolic_array_8x8.$proc$/home/safan/Accelarray/src/SystolicArray/SystolicArray.v:0$296'.
No latch inferred for signal `\systolic_array_8x8.\psum_wire[0]' from process `\systolic_array_8x8.$proc$/home/safan/Accelarray/src/SystolicArray/SystolicArray.v:0$296'.
No latch inferred for signal `\systolic_array_8x8.\psum_wire[1]' from process `\systolic_array_8x8.$proc$/home/safan/Accelarray/src/SystolicArray/SystolicArray.v:0$296'.
No latch inferred for signal `\systolic_array_8x8.\psum_wire[2]' from process `\systolic_array_8x8.$proc$/home/safan/Accelarray/src/SystolicArray/SystolicArray.v:0$296'.
No latch inferred for signal `\systolic_array_8x8.\psum_wire[3]' from process `\systolic_array_8x8.$proc$/home/safan/Accelarray/src/SystolicArray/SystolicArray.v:0$296'.
No latch inferred for signal `\systolic_array_8x8.\psum_wire[4]' from process `\systolic_array_8x8.$proc$/home/safan/Accelarray/src/SystolicArray/SystolicArray.v:0$296'.
No latch inferred for signal `\systolic_array_8x8.\psum_wire[5]' from process `\systolic_array_8x8.$proc$/home/safan/Accelarray/src/SystolicArray/SystolicArray.v:0$296'.
No latch inferred for signal `\systolic_array_8x8.\psum_wire[6]' from process `\systolic_array_8x8.$proc$/home/safan/Accelarray/src/SystolicArray/SystolicArray.v:0$296'.
No latch inferred for signal `\systolic_array_8x8.\psum_wire[7]' from process `\systolic_array_8x8.$proc$/home/safan/Accelarray/src/SystolicArray/SystolicArray.v:0$296'.
No latch inferred for signal `\systolic_array_8x8.\psum_wire[8]' from process `\systolic_array_8x8.$proc$/home/safan/Accelarray/src/SystolicArray/SystolicArray.v:0$296'.
No latch inferred for signal `\systolic_array_8x8.\psum_wire[9]' from process `\systolic_array_8x8.$proc$/home/safan/Accelarray/src/SystolicArray/SystolicArray.v:0$296'.
No latch inferred for signal `\systolic_array_8x8.\psum_wire[10]' from process `\systolic_array_8x8.$proc$/home/safan/Accelarray/src/SystolicArray/SystolicArray.v:0$296'.
No latch inferred for signal `\systolic_array_8x8.\psum_wire[11]' from process `\systolic_array_8x8.$proc$/home/safan/Accelarray/src/SystolicArray/SystolicArray.v:0$296'.
No latch inferred for signal `\systolic_array_8x8.\psum_wire[12]' from process `\systolic_array_8x8.$proc$/home/safan/Accelarray/src/SystolicArray/SystolicArray.v:0$296'.
No latch inferred for signal `\systolic_array_8x8.\psum_wire[13]' from process `\systolic_array_8x8.$proc$/home/safan/Accelarray/src/SystolicArray/SystolicArray.v:0$296'.
No latch inferred for signal `\systolic_array_8x8.\psum_wire[14]' from process `\systolic_array_8x8.$proc$/home/safan/Accelarray/src/SystolicArray/SystolicArray.v:0$296'.
No latch inferred for signal `\systolic_array_8x8.\psum_wire[15]' from process `\systolic_array_8x8.$proc$/home/safan/Accelarray/src/SystolicArray/SystolicArray.v:0$296'.
No latch inferred for signal `\systolic_array_8x8.\psum_wire[16]' from process `\systolic_array_8x8.$proc$/home/safan/Accelarray/src/SystolicArray/SystolicArray.v:0$296'.
No latch inferred for signal `\systolic_array_8x8.\psum_wire[17]' from process `\systolic_array_8x8.$proc$/home/safan/Accelarray/src/SystolicArray/SystolicArray.v:0$296'.
No latch inferred for signal `\systolic_array_8x8.\psum_wire[18]' from process `\systolic_array_8x8.$proc$/home/safan/Accelarray/src/SystolicArray/SystolicArray.v:0$296'.
No latch inferred for signal `\systolic_array_8x8.\psum_wire[19]' from process `\systolic_array_8x8.$proc$/home/safan/Accelarray/src/SystolicArray/SystolicArray.v:0$296'.
No latch inferred for signal `\systolic_array_8x8.\psum_wire[20]' from process `\systolic_array_8x8.$proc$/home/safan/Accelarray/src/SystolicArray/SystolicArray.v:0$296'.
No latch inferred for signal `\systolic_array_8x8.\psum_wire[21]' from process `\systolic_array_8x8.$proc$/home/safan/Accelarray/src/SystolicArray/SystolicArray.v:0$296'.
No latch inferred for signal `\systolic_array_8x8.\psum_wire[22]' from process `\systolic_array_8x8.$proc$/home/safan/Accelarray/src/SystolicArray/SystolicArray.v:0$296'.
No latch inferred for signal `\systolic_array_8x8.\psum_wire[23]' from process `\systolic_array_8x8.$proc$/home/safan/Accelarray/src/SystolicArray/SystolicArray.v:0$296'.
No latch inferred for signal `\systolic_array_8x8.\psum_wire[24]' from process `\systolic_array_8x8.$proc$/home/safan/Accelarray/src/SystolicArray/SystolicArray.v:0$296'.
No latch inferred for signal `\systolic_array_8x8.\psum_wire[25]' from process `\systolic_array_8x8.$proc$/home/safan/Accelarray/src/SystolicArray/SystolicArray.v:0$296'.
No latch inferred for signal `\systolic_array_8x8.\psum_wire[26]' from process `\systolic_array_8x8.$proc$/home/safan/Accelarray/src/SystolicArray/SystolicArray.v:0$296'.
No latch inferred for signal `\systolic_array_8x8.\psum_wire[27]' from process `\systolic_array_8x8.$proc$/home/safan/Accelarray/src/SystolicArray/SystolicArray.v:0$296'.
No latch inferred for signal `\systolic_array_8x8.\psum_wire[28]' from process `\systolic_array_8x8.$proc$/home/safan/Accelarray/src/SystolicArray/SystolicArray.v:0$296'.
No latch inferred for signal `\systolic_array_8x8.\psum_wire[29]' from process `\systolic_array_8x8.$proc$/home/safan/Accelarray/src/SystolicArray/SystolicArray.v:0$296'.
No latch inferred for signal `\systolic_array_8x8.\psum_wire[30]' from process `\systolic_array_8x8.$proc$/home/safan/Accelarray/src/SystolicArray/SystolicArray.v:0$296'.
No latch inferred for signal `\systolic_array_8x8.\psum_wire[31]' from process `\systolic_array_8x8.$proc$/home/safan/Accelarray/src/SystolicArray/SystolicArray.v:0$296'.
No latch inferred for signal `\systolic_array_8x8.\psum_wire[32]' from process `\systolic_array_8x8.$proc$/home/safan/Accelarray/src/SystolicArray/SystolicArray.v:0$296'.
No latch inferred for signal `\systolic_array_8x8.\psum_wire[33]' from process `\systolic_array_8x8.$proc$/home/safan/Accelarray/src/SystolicArray/SystolicArray.v:0$296'.
No latch inferred for signal `\systolic_array_8x8.\psum_wire[34]' from process `\systolic_array_8x8.$proc$/home/safan/Accelarray/src/SystolicArray/SystolicArray.v:0$296'.
No latch inferred for signal `\systolic_array_8x8.\psum_wire[35]' from process `\systolic_array_8x8.$proc$/home/safan/Accelarray/src/SystolicArray/SystolicArray.v:0$296'.
No latch inferred for signal `\systolic_array_8x8.\psum_wire[36]' from process `\systolic_array_8x8.$proc$/home/safan/Accelarray/src/SystolicArray/SystolicArray.v:0$296'.
No latch inferred for signal `\systolic_array_8x8.\psum_wire[37]' from process `\systolic_array_8x8.$proc$/home/safan/Accelarray/src/SystolicArray/SystolicArray.v:0$296'.
No latch inferred for signal `\systolic_array_8x8.\psum_wire[38]' from process `\systolic_array_8x8.$proc$/home/safan/Accelarray/src/SystolicArray/SystolicArray.v:0$296'.
No latch inferred for signal `\systolic_array_8x8.\psum_wire[39]' from process `\systolic_array_8x8.$proc$/home/safan/Accelarray/src/SystolicArray/SystolicArray.v:0$296'.
No latch inferred for signal `\systolic_array_8x8.\psum_wire[40]' from process `\systolic_array_8x8.$proc$/home/safan/Accelarray/src/SystolicArray/SystolicArray.v:0$296'.
No latch inferred for signal `\systolic_array_8x8.\psum_wire[41]' from process `\systolic_array_8x8.$proc$/home/safan/Accelarray/src/SystolicArray/SystolicArray.v:0$296'.
No latch inferred for signal `\systolic_array_8x8.\psum_wire[42]' from process `\systolic_array_8x8.$proc$/home/safan/Accelarray/src/SystolicArray/SystolicArray.v:0$296'.
No latch inferred for signal `\systolic_array_8x8.\psum_wire[43]' from process `\systolic_array_8x8.$proc$/home/safan/Accelarray/src/SystolicArray/SystolicArray.v:0$296'.
No latch inferred for signal `\systolic_array_8x8.\psum_wire[44]' from process `\systolic_array_8x8.$proc$/home/safan/Accelarray/src/SystolicArray/SystolicArray.v:0$296'.
No latch inferred for signal `\systolic_array_8x8.\psum_wire[45]' from process `\systolic_array_8x8.$proc$/home/safan/Accelarray/src/SystolicArray/SystolicArray.v:0$296'.
No latch inferred for signal `\systolic_array_8x8.\psum_wire[46]' from process `\systolic_array_8x8.$proc$/home/safan/Accelarray/src/SystolicArray/SystolicArray.v:0$296'.
No latch inferred for signal `\systolic_array_8x8.\psum_wire[47]' from process `\systolic_array_8x8.$proc$/home/safan/Accelarray/src/SystolicArray/SystolicArray.v:0$296'.
No latch inferred for signal `\systolic_array_8x8.\psum_wire[48]' from process `\systolic_array_8x8.$proc$/home/safan/Accelarray/src/SystolicArray/SystolicArray.v:0$296'.
No latch inferred for signal `\systolic_array_8x8.\psum_wire[49]' from process `\systolic_array_8x8.$proc$/home/safan/Accelarray/src/SystolicArray/SystolicArray.v:0$296'.
No latch inferred for signal `\systolic_array_8x8.\psum_wire[50]' from process `\systolic_array_8x8.$proc$/home/safan/Accelarray/src/SystolicArray/SystolicArray.v:0$296'.
No latch inferred for signal `\systolic_array_8x8.\psum_wire[51]' from process `\systolic_array_8x8.$proc$/home/safan/Accelarray/src/SystolicArray/SystolicArray.v:0$296'.
No latch inferred for signal `\systolic_array_8x8.\psum_wire[52]' from process `\systolic_array_8x8.$proc$/home/safan/Accelarray/src/SystolicArray/SystolicArray.v:0$296'.
No latch inferred for signal `\systolic_array_8x8.\psum_wire[53]' from process `\systolic_array_8x8.$proc$/home/safan/Accelarray/src/SystolicArray/SystolicArray.v:0$296'.
No latch inferred for signal `\systolic_array_8x8.\psum_wire[54]' from process `\systolic_array_8x8.$proc$/home/safan/Accelarray/src/SystolicArray/SystolicArray.v:0$296'.
No latch inferred for signal `\systolic_array_8x8.\psum_wire[55]' from process `\systolic_array_8x8.$proc$/home/safan/Accelarray/src/SystolicArray/SystolicArray.v:0$296'.
No latch inferred for signal `\systolic_array_8x8.\psum_wire[56]' from process `\systolic_array_8x8.$proc$/home/safan/Accelarray/src/SystolicArray/SystolicArray.v:0$296'.
No latch inferred for signal `\systolic_array_8x8.\psum_wire[57]' from process `\systolic_array_8x8.$proc$/home/safan/Accelarray/src/SystolicArray/SystolicArray.v:0$296'.
No latch inferred for signal `\systolic_array_8x8.\psum_wire[58]' from process `\systolic_array_8x8.$proc$/home/safan/Accelarray/src/SystolicArray/SystolicArray.v:0$296'.
No latch inferred for signal `\systolic_array_8x8.\psum_wire[59]' from process `\systolic_array_8x8.$proc$/home/safan/Accelarray/src/SystolicArray/SystolicArray.v:0$296'.
No latch inferred for signal `\systolic_array_8x8.\psum_wire[60]' from process `\systolic_array_8x8.$proc$/home/safan/Accelarray/src/SystolicArray/SystolicArray.v:0$296'.
No latch inferred for signal `\systolic_array_8x8.\psum_wire[61]' from process `\systolic_array_8x8.$proc$/home/safan/Accelarray/src/SystolicArray/SystolicArray.v:0$296'.
No latch inferred for signal `\systolic_array_8x8.\psum_wire[62]' from process `\systolic_array_8x8.$proc$/home/safan/Accelarray/src/SystolicArray/SystolicArray.v:0$296'.
No latch inferred for signal `\systolic_array_8x8.\psum_wire[63]' from process `\systolic_array_8x8.$proc$/home/safan/Accelarray/src/SystolicArray/SystolicArray.v:0$296'.
No latch inferred for signal `\systolic_array_8x8.\psum_wire[64]' from process `\systolic_array_8x8.$proc$/home/safan/Accelarray/src/SystolicArray/SystolicArray.v:0$296'.
No latch inferred for signal `\systolic_array_8x8.\psum_wire[65]' from process `\systolic_array_8x8.$proc$/home/safan/Accelarray/src/SystolicArray/SystolicArray.v:0$296'.
No latch inferred for signal `\systolic_array_8x8.\psum_wire[66]' from process `\systolic_array_8x8.$proc$/home/safan/Accelarray/src/SystolicArray/SystolicArray.v:0$296'.
No latch inferred for signal `\systolic_array_8x8.\psum_wire[67]' from process `\systolic_array_8x8.$proc$/home/safan/Accelarray/src/SystolicArray/SystolicArray.v:0$296'.
No latch inferred for signal `\systolic_array_8x8.\psum_wire[68]' from process `\systolic_array_8x8.$proc$/home/safan/Accelarray/src/SystolicArray/SystolicArray.v:0$296'.
No latch inferred for signal `\systolic_array_8x8.\psum_wire[69]' from process `\systolic_array_8x8.$proc$/home/safan/Accelarray/src/SystolicArray/SystolicArray.v:0$296'.
No latch inferred for signal `\systolic_array_8x8.\psum_wire[70]' from process `\systolic_array_8x8.$proc$/home/safan/Accelarray/src/SystolicArray/SystolicArray.v:0$296'.
No latch inferred for signal `\systolic_array_8x8.\psum_wire[71]' from process `\systolic_array_8x8.$proc$/home/safan/Accelarray/src/SystolicArray/SystolicArray.v:0$296'.
No latch inferred for signal `\systolic_array_8x8.\col_out[0]' from process `\systolic_array_8x8.$proc$/home/safan/Accelarray/src/SystolicArray/SystolicArray.v:0$296'.
No latch inferred for signal `\systolic_array_8x8.\col_out[1]' from process `\systolic_array_8x8.$proc$/home/safan/Accelarray/src/SystolicArray/SystolicArray.v:0$296'.
No latch inferred for signal `\systolic_array_8x8.\col_out[2]' from process `\systolic_array_8x8.$proc$/home/safan/Accelarray/src/SystolicArray/SystolicArray.v:0$296'.
No latch inferred for signal `\systolic_array_8x8.\col_out[3]' from process `\systolic_array_8x8.$proc$/home/safan/Accelarray/src/SystolicArray/SystolicArray.v:0$296'.
No latch inferred for signal `\systolic_array_8x8.\col_out[4]' from process `\systolic_array_8x8.$proc$/home/safan/Accelarray/src/SystolicArray/SystolicArray.v:0$296'.
No latch inferred for signal `\systolic_array_8x8.\col_out[5]' from process `\systolic_array_8x8.$proc$/home/safan/Accelarray/src/SystolicArray/SystolicArray.v:0$296'.
No latch inferred for signal `\systolic_array_8x8.\col_out[6]' from process `\systolic_array_8x8.$proc$/home/safan/Accelarray/src/SystolicArray/SystolicArray.v:0$296'.
No latch inferred for signal `\systolic_array_8x8.\col_out[7]' from process `\systolic_array_8x8.$proc$/home/safan/Accelarray/src/SystolicArray/SystolicArray.v:0$296'.
