
20. Executing CHECK pass (checking for obvious problems).
Checking module systolic_array_8x8...
Warning: multiple conflicting drivers for systolic_array_8x8.\i [31]:
    port Q[31] of cell $procdff$581 ($adff)
    port Q[31] of cell $procdff$536 ($adff)
Warning: multiple conflicting drivers for systolic_array_8x8.\i [30]:
    port Q[30] of cell $procdff$581 ($adff)
    port Q[30] of cell $procdff$536 ($adff)
Warning: multiple conflicting drivers for systolic_array_8x8.\i [29]:
    port Q[29] of cell $procdff$581 ($adff)
    port Q[29] of cell $procdff$536 ($adff)
Warning: multiple conflicting drivers for systolic_array_8x8.\i [28]:
    port Q[28] of cell $procdff$581 ($adff)
    port Q[28] of cell $procdff$536 ($adff)
Warning: multiple conflicting drivers for systolic_array_8x8.\i [27]:
    port Q[27] of cell $procdff$581 ($adff)
    port Q[27] of cell $procdff$536 ($adff)
Warning: multiple conflicting drivers for systolic_array_8x8.\i [26]:
    port Q[26] of cell $procdff$581 ($adff)
    port Q[26] of cell $procdff$536 ($adff)
Warning: multiple conflicting drivers for systolic_array_8x8.\i [25]:
    port Q[25] of cell $procdff$581 ($adff)
    port Q[25] of cell $procdff$536 ($adff)
Warning: multiple conflicting drivers for systolic_array_8x8.\i [24]:
    port Q[24] of cell $procdff$581 ($adff)
    port Q[24] of cell $procdff$536 ($adff)
Warning: multiple conflicting drivers for systolic_array_8x8.\i [23]:
    port Q[23] of cell $procdff$581 ($adff)
    port Q[23] of cell $procdff$536 ($adff)
Warning: multiple conflicting drivers for systolic_array_8x8.\i [22]:
    port Q[22] of cell $procdff$581 ($adff)
    port Q[22] of cell $procdff$536 ($adff)
Warning: multiple conflicting drivers for systolic_array_8x8.\i [21]:
    port Q[21] of cell $procdff$581 ($adff)
    port Q[21] of cell $procdff$536 ($adff)
Warning: multiple conflicting drivers for systolic_array_8x8.\i [20]:
    port Q[20] of cell $procdff$581 ($adff)
    port Q[20] of cell $procdff$536 ($adff)
Warning: multiple conflicting drivers for systolic_array_8x8.\i [19]:
    port Q[19] of cell $procdff$581 ($adff)
    port Q[19] of cell $procdff$536 ($adff)
Warning: multiple conflicting drivers for systolic_array_8x8.\i [18]:
    port Q[18] of cell $procdff$581 ($adff)
    port Q[18] of cell $procdff$536 ($adff)
Warning: multiple conflicting drivers for systolic_array_8x8.\i [17]:
    port Q[17] of cell $procdff$581 ($adff)
    port Q[17] of cell $procdff$536 ($adff)
Warning: multiple conflicting drivers for systolic_array_8x8.\i [16]:
    port Q[16] of cell $procdff$581 ($adff)
    port Q[16] of cell $procdff$536 ($adff)
Warning: multiple conflicting drivers for systolic_array_8x8.\i [15]:
    port Q[15] of cell $procdff$581 ($adff)
    port Q[15] of cell $procdff$536 ($adff)
Warning: multiple conflicting drivers for systolic_array_8x8.\i [14]:
    port Q[14] of cell $procdff$581 ($adff)
    port Q[14] of cell $procdff$536 ($adff)
Warning: multiple conflicting drivers for systolic_array_8x8.\i [13]:
    port Q[13] of cell $procdff$581 ($adff)
    port Q[13] of cell $procdff$536 ($adff)
Warning: multiple conflicting drivers for systolic_array_8x8.\i [12]:
    port Q[12] of cell $procdff$581 ($adff)
    port Q[12] of cell $procdff$536 ($adff)
Warning: multiple conflicting drivers for systolic_array_8x8.\i [11]:
    port Q[11] of cell $procdff$581 ($adff)
    port Q[11] of cell $procdff$536 ($adff)
Warning: multiple conflicting drivers for systolic_array_8x8.\i [10]:
    port Q[10] of cell $procdff$581 ($adff)
    port Q[10] of cell $procdff$536 ($adff)
Warning: multiple conflicting drivers for systolic_array_8x8.\i [9]:
    port Q[9] of cell $procdff$581 ($adff)
    port Q[9] of cell $procdff$536 ($adff)
Warning: multiple conflicting drivers for systolic_array_8x8.\i [8]:
    port Q[8] of cell $procdff$581 ($adff)
    port Q[8] of cell $procdff$536 ($adff)
Warning: multiple conflicting drivers for systolic_array_8x8.\i [7]:
    port Q[7] of cell $procdff$581 ($adff)
    port Q[7] of cell $procdff$536 ($adff)
Warning: multiple conflicting drivers for systolic_array_8x8.\i [6]:
    port Q[6] of cell $procdff$581 ($adff)
    port Q[6] of cell $procdff$536 ($adff)
Warning: multiple conflicting drivers for systolic_array_8x8.\i [5]:
    port Q[5] of cell $procdff$581 ($adff)
    port Q[5] of cell $procdff$536 ($adff)
Warning: multiple conflicting drivers for systolic_array_8x8.\i [4]:
    port Q[4] of cell $procdff$581 ($adff)
    port Q[4] of cell $procdff$536 ($adff)
Warning: multiple conflicting drivers for systolic_array_8x8.\i [3]:
    port Q[3] of cell $procdff$581 ($adff)
    port Q[3] of cell $procdff$536 ($adff)
Warning: multiple conflicting drivers for systolic_array_8x8.\i [2]:
    port Q[2] of cell $procdff$581 ($adff)
    port Q[2] of cell $procdff$536 ($adff)
Warning: multiple conflicting drivers for systolic_array_8x8.\i [1]:
    port Q[1] of cell $procdff$581 ($adff)
    port Q[1] of cell $procdff$536 ($adff)
Warning: multiple conflicting drivers for systolic_array_8x8.\i [0]:
    port Q[0] of cell $procdff$581 ($adff)
    port Q[0] of cell $procdff$536 ($adff)
Checking module PE_Optimized_PortReuse...
Found and reported 32 problems.
