
===========================================================================
 report_power
============================================================================
======================= nom_tt_025C_1v80 Corner ===================================

Group                    Internal    Switching      Leakage        Total
                            Power        Power        Power        Power (Watts)
------------------------------------------------------------------------
Sequential           3.945778e-02 1.750650e-02 6.541161e-08 5.696435e-02  23.4%
Combinational        1.000342e-01 8.678675e-02 1.502340e-07 1.868211e-01  76.6%
Clock                0.000000e+00 0.000000e+00 0.000000e+00 0.000000e+00   0.0%
Macro                0.000000e+00 0.000000e+00 0.000000e+00 0.000000e+00   0.0%
Pad                  0.000000e+00 0.000000e+00 0.000000e+00 0.000000e+00   0.0%
------------------------------------------------------------------------
Total                1.394930e-01 1.042943e-01 2.156462e-07 2.437875e-01 100.0%
                            57.2%        42.8%         0.0%

