
===========================================================================
 report_power
============================================================================
======================= nom_tt_025C_1v80 Corner ===================================

Group                    Internal    Switching      Leakage        Total
                            Power        Power        Power        Power (Watts)
------------------------------------------------------------------------
Sequential           3.991689e-02 1.524271e-02 6.521162e-08 5.515967e-02  17.1%
Combinational        1.656633e-01 1.014959e-01 1.568548e-07 2.671593e-01  82.9%
Clock                0.000000e+00 0.000000e+00 0.000000e+00 0.000000e+00   0.0%
Macro                0.000000e+00 0.000000e+00 0.000000e+00 0.000000e+00   0.0%
Pad                  0.000000e+00 0.000000e+00 0.000000e+00 0.000000e+00   0.0%
------------------------------------------------------------------------
Total                2.055857e-01 1.167408e-01 2.220678e-07 3.223267e-01 100.0%
                            63.8%        36.2%         0.0%

