┏━━━━━━━━━━━━━━━━━━━━━━┳━━━━━━━━━━┳━━━━━━━━━━┳━━━━━━━━━━┳━━━━━━━━━━┳━━━━━━━━━━━┳━━━━━━━━━━┳━━━━━━━━━━━┳━━━━━━━━━━┳━━━━━━━━━━━┳━━━━━━━━━━┳━━━━━━━━━━━┳━━━━━━━━━━┓
┃                      ┃ Hold     ┃ Reg to   ┃          ┃          ┃ of which  ┃ Setup    ┃           ┃          ┃           ┃ of which ┃           ┃          ┃
┃                      ┃ Worst    ┃ Reg      ┃          ┃ Hold Vio ┃ reg to    ┃ Worst    ┃ Reg to    ┃ Setup    ┃ Setup Vio ┃ reg to   ┃ Max Cap   ┃ Max Slew ┃
┃ Corner/Group         ┃ Slack    ┃ Paths    ┃ Hold TNS ┃ Count    ┃ reg       ┃ Slack    ┃ Reg Paths ┃ TNS      ┃ Count     ┃ reg      ┃ Violatio… ┃ Violati… ┃
┡━━━━━━━━━━━━━━━━━━━━━━╇━━━━━━━━━━╇━━━━━━━━━━╇━━━━━━━━━━╇━━━━━━━━━━╇━━━━━━━━━━━╇━━━━━━━━━━╇━━━━━━━━━━━╇━━━━━━━━━━╇━━━━━━━━━━━╇━━━━━━━━━━╇━━━━━━━━━━━╇━━━━━━━━━━┩
│ Overall              │ 0.0440   │ 0.0440   │ 0.0000   │ 0        │ 0         │ -222.80… │ N/A       │ -166213… │ 35928     │ 0        │ 7         │ 24644    │
│ nom_tt_025C_1v80     │ 0.2073   │ 0.2073   │ 0.0000   │ 0        │ 0         │ -211.18… │ N/A       │ -127239… │ 11976     │ 0        │ 7         │ 22225    │
│ nom_ss_100C_1v60     │ 0.6853   │ 0.6853   │ 0.0000   │ 0        │ 0         │ -222.80… │ N/A       │ -166213… │ 11976     │ 0        │ 7         │ 24644    │
│ nom_ff_n40C_1v95     │ 0.0440   │ 0.0440   │ 0.0000   │ 0        │ 0         │ -178.74… │ N/A       │ -952967… │ 11976     │ 0        │ 7         │ 16659    │
└──────────────────────┴──────────┴──────────┴──────────┴──────────┴───────────┴──────────┴───────────┴──────────┴───────────┴──────────┴───────────┴──────────┘
