
===========================================================================
 report_power
============================================================================
======================= nom_ss_100C_1v60 Corner ===================================

Group                    Internal    Switching      Leakage        Total
                            Power        Power        Power        Power (Watts)
------------------------------------------------------------------------
Sequential           2.978363e-02 1.387462e-02 1.168436e-04 4.377510e-02  22.6%
Combinational        8.045815e-02 6.929219e-02 1.960210e-04 1.499464e-01  77.4%
Clock                0.000000e+00 0.000000e+00 0.000000e+00 0.000000e+00   0.0%
Macro                0.000000e+00 0.000000e+00 0.000000e+00 0.000000e+00   0.0%
Pad                  0.000000e+00 0.000000e+00 0.000000e+00 0.000000e+00   0.0%
------------------------------------------------------------------------
Total                1.102407e-01 8.316574e-02 3.128537e-04 1.937192e-01 100.0%
                            56.9%        42.9%         0.2%

